<tr bordercolor="Blue" align="center"><td>get</td><td>988a1af23ff942879d4844f233ba7b23/edgemgr/nodes</td><td>0.334971904755</td><td>200</td><td>200</td><td>success</td><td>None</td></tr>
Expection response code : 200, Real response code :200, Test Result:Success
<tr bordercolor="Blue" align="center"><td>post</td><td>988a1af23ff942879d4844f233ba7b23/ief-edge_node/resource_instances/action</td><td>0.206345081329</td><td>200</td><td>200</td><td>success</td><td>{'action': 'filter', 'tags': [{'values': [], 'key': 'qwq'}]}</td></tr>
<tr bordercolor="Blue" align="center"><td>get</td><td>988a1af23ff942879d4844f233ba7b23/edgemgr/nodes</td><td>0.316617012024</td><td>200</td><td>200</td><td>success</td><td>None</td></tr>
<tr bordercolor="Blue" align="center"><td>get</td><td>988a1af23ff942879d4844f233ba7b23/ief-edge_node/ba23b368-62be-4aa3-ab32-140e844570ca/tags</td><td>0.179001092911</td><td>200</td><td>200</td><td>success</td><td>None</td></tr>
<tr bordercolor="Blue" align="center"><td>delete</td><td>988a1af23ff942879d4844f233ba7b23/ief-edge_node/ba23b368-62be-4aa3-ab32-140e844570ca/tags/edge_node_key0</td><td>0.186273813248</td><td>204</td><td>204</td><td>success</td><td>None</td></tr>
<tr bordercolor="Blue" align="center"><td>delete</td><td>988a1af23ff942879d4844f233ba7b23/ief-edge_node/ba23b368-62be-4aa3-ab32-140e844570ca/tags/null</td><td>0.240582942963</td><td>204</td><td>204</td><td>success</td><td>None</td></tr>
<tr bordercolor="Blue" align="center"><td>get</td><td>988a1af23ff942879d4844f233ba7b23/ief-edge_node/4e01fdd8-2178-4305-bb2d-681e40c7dadf/tags</td><td>0.192467927933</td><td>200</td><td>200</td><td>success</td><td>None</td></tr>
<tr bordercolor="Blue" align="center"><td>get</td><td>988a1af23ff942879d4844f233ba7b23/ief-edge_node/ab2c446b-88ac-48e6-9705-cd152029082d/tags</td><td>0.248633146286</td><td>200</td><td>200</td><td>success</td><td>None</td></tr>
<tr bordercolor="Blue" align="center"><td>get</td><td>988a1af23ff942879d4844f233ba7b23/ief-edge_node/4b001b3c-e13a-4e68-ba58-ec568a791973/tags</td><td>0.377398967743</td><td>200</td><td>200</td><td>success</td><td>None</td></tr>
<tr bordercolor="Blue" align="center"><td>get</td><td>988a1af23ff942879d4844f233ba7b23/ief-edge_node/ce962c62-c12c-4eba-9c8c-9ca30a78bd26/tags</td><td>0.322695970535</td><td>200</td><td>200</td><td>success</td><td>None</td></tr>
<tr bordercolor="Blue" align="center"><td>get</td><td>988a1af23ff942879d4844f233ba7b23/edgemgr/nodes</td><td>0.260626077652</td><td>200</td><td>200</td><td>success</td><td>None</td></tr>
<tr bordercolor="Blue" align="center"><td>get</td><td>988a1af23ff942879d4844f233ba7b23/ief-edge_node/ba23b368-62be-4aa3-ab32-140e844570ca/tags</td><td>0.346128940582</td><td>200</td><td>200</td><td>success</td><td>None</td></tr>
<tr bordercolor="Blue" align="center"><td>get</td><td>988a1af23ff942879d4844f233ba7b23/ief-edge_node/4e01fdd8-2178-4305-bb2d-681e40c7dadf/tags</td><td>0.176419019699</td><td>200</td><td>200</td><td>success</td><td>None</td></tr>
<tr bordercolor="Blue" align="center"><td>get</td><td>988a1af23ff942879d4844f233ba7b23/ief-edge_node/ab2c446b-88ac-48e6-9705-cd152029082d/tags</td><td>0.228182077408</td><td>200</td><td>200</td><td>success</td><td>None</td></tr>
<tr bordercolor="Blue" align="center"><td>get</td><td>988a1af23ff942879d4844f233ba7b23/ief-edge_node/4b001b3c-e13a-4e68-ba58-ec568a791973/tags</td><td>0.374694824219</td><td>200</td><td>200</td><td>success</td><td>None</td></tr>
<tr bordercolor="Blue" align="center"><td>get</td><td>988a1af23ff942879d4844f233ba7b23/ief-edge_node/ce962c62-c12c-4eba-9c8c-9ca30a78bd26/tags</td><td>0.226830005646</td><td>200</td><td>200</td><td>success</td><td>None</td></tr>
<tr bordercolor="Blue" align="center"><td>get</td><td>988a1af23ff942879d4844f233ba7b23/edgemgr/nodes</td><td>0.304895162582</td><td>200</td><td>200</td><td>success</td><td>None</td></tr>
<tr bordercolor="Blue" align="center"><td>get</td><td>988a1af23ff942879d4844f233ba7b23/ief-edge_node/ba23b368-62be-4aa3-ab32-140e844570ca/tags</td><td>0.291777849197</td><td>200</td><td>200</td><td>success</td><td>None</td></tr>
<tr bordercolor="Blue" align="center"><td>get</td><td>988a1af23ff942879d4844f233ba7b23/ief-edge_node/4e01fdd8-2178-4305-bb2d-681e40c7dadf/tags</td><td>0.515000104904</td><td>200</td><td>200</td><td>success</td><td>None</td></tr>
<tr bordercolor="Blue" align="center"><td>get</td><td>988a1af23ff942879d4844f233ba7b23/ief-edge_node/ab2c446b-88ac-48e6-9705-cd152029082d/tags</td><td>0.272793054581</td><td>200</td><td>200</td><td>success</td><td>None</td></tr>
<tr bordercolor="Blue" align="center"><td>get</td><td>988a1af23ff942879d4844f233ba7b23/ief-edge_node/4b001b3c-e13a-4e68-ba58-ec568a791973/tags</td><td>0.231212854385</td><td>200</td><td>200</td><td>success</td><td>None</td></tr>
<tr bordercolor="Blue" align="center"><td>get</td><td>988a1af23ff942879d4844f233ba7b23/ief-edge_node/ce962c62-c12c-4eba-9c8c-9ca30a78bd26/tags</td><td>0.603306055069</td><td>200</td><td>200</td><td>success</td><td>None</td></tr>
<tr bordercolor="Blue" align="center"><td>post</td><td>988a1af23ff942879d4844f233ba7b23/ief-edge_node/resource_instances/action</td><td>0.518851995468</td><td>200</td><td>200</td><td>success</td><td>{'action': 'count', 'tags': [{'values': ['value0'], 'key': 'key0'}]}</td></tr>
<tr bordercolor="Blue" align="center"><td>post</td><td>988a1af23ff942879d4844f233ba7b23/ief-edge_node/resource_instances/action</td><td>0.359710216522</td><td>200</td><td>200</td><td>success</td><td>{'action': 'count', 'tags': [{'values': ['value0'], 'key': 'key0'}]}</td></tr>
<tr bordercolor="Blue" align="center"><td>post</td><td>988a1af23ff942879d4844f233ba7b23/ief-edge_node/resource_instances/action</td><td>0.585378885269</td><td>200</td><td>200</td><td>success</td><td>{'action': 'count', 'tags': [{'values': ['0'], 'key': '0'}, {'values': ['1'], 'key': '1'}, {'values': ['2'], 'key': '2'}, {'values': ['3'], 'key': '3'}, {'values': ['4'], 'key': '4'}, {'values': ['5'], 'key': '5'}, {'values': ['6'], 'key': '6'}, {'values': ['7'], 'key': '7'}, {'values': ['8'], 'key': '8'}]}</td></tr>
<tr bordercolor="Blue" align="center"><td>post</td><td>988a1af23ff942879d4844f233ba7b23/ief-edge_node/resource_instances/action</td><td>1.22231698036</td><td>200</td><td>200</td><td>success</td><td>{'action': 'count', 'tags': [{'values': ['0'], 'key': '0'}, {'values': ['1'], 'key': '1'}, {'values': ['2'], 'key': '2'}, {'values': ['3'], 'key': '3'}, {'values': ['4'], 'key': '4'}, {'values': ['5'], 'key': '5'}, {'values': ['6'], 'key': '6'}, {'values': ['7'], 'key': '7'}, {'values': ['8'], 'key': '8'}, {'values': ['9'], 'key': '9'}]}</td></tr>
<tr bordercolor="Blue" align="center"><td>post</td><td>988a1af23ff942879d4844f233ba7b23/ief-edge_node/resource_instances/action</td><td>0.182011842728</td><td>400</td><td>400</td><td>success</td><td>{'action': 'count', 'tags': [{'values': ['0'], 'key': '0'}, {'values': ['1'], 'key': '1'}, {'values': ['2'], 'key': '2'}, {'values': ['3'], 'key': '3'}, {'values': ['4'], 'key': '4'}, {'values': ['5'], 'key': '5'}, {'values': ['6'], 'key': '6'}, {'values': ['7'], 'key': '7'}, {'values': ['8'], 'key': '8'}, {'values': ['9'], 'key': '9'}, {'values': ['10'], 'key': '10'}]}</td></tr>
<tr bordercolor="Blue" align="center"><td>post</td><td>988a1af23ff942879d4844f233ba7b23/ief-edge_node/resource_instances/action</td><td>0.530738115311</td><td>200</td><td>200</td><td>success</td><td>{'action': 'count', 'tags': [{'values': ['edge_node_value0', 'dp_value0'], 'key': 'edge_node_key0'}]}</td></tr>
<tr bordercolor="Blue" align="center"><td>post</td><td>988a1af23ff942879d4844f233ba7b23/ief-edge_node/resource_instances/action</td><td>0.206664085388</td><td>200</td><td>200</td><td>success</td><td>{'action': 'count', 'tags': [{'values': ['0', '1', '2', '3', '4', '5', '6', '7', '8'], 'key': 'edge_node_key0'}]}</td></tr>
<tr bordercolor="Blue" align="center"><td>post</td><td>988a1af23ff942879d4844f233ba7b23/ief-edge_node/resource_instances/action</td><td>0.212445020676</td><td>200</td><td>200</td><td>success</td><td>{'action': 'count', 'tags': [{'values': ['0', '1', '2', '3', '4', '5', '6', '7', '8', '9'], 'key': 'edge_node_key0'}]}</td></tr>
<tr bordercolor="Blue" align="center"><td>post</td><td>988a1af23ff942879d4844f233ba7b23/ief-edge_node/resource_instances/action</td><td>0.72808599472</td><td>400</td><td>400</td><td>success</td><td>{'action': 'count', 'tags': [{'values': ['0', '1', '2', '3', '4', '5', '6', '7', '8', '9', '10'], 'key': 'edge_node_key0'}]}</td></tr>
<tr bordercolor="Blue" align="center"><td>post</td><td>988a1af23ff942879d4844f233ba7b23/ief-edge_node/resource_instances/action</td><td>0.407716035843</td><td>200</td><td>200</td><td>success</td><td>{'action': 'count', 'tags': [{'values': ['0', '1', '2', '3', '4', '5', '6', '7', '8', '9'], 'key': 'edge_node_key0'}, {'values': ['0', '1', '2', '3', '4', '5', '6', '7', '8', '9'], 'key': 'edge_node_key1'}, {'values': ['0', '1', '2', '3', '4', '5', '6', '7', '8', '9'], 'key': 'edge_node_key2'}, {'values': ['0', '1', '2', '3', '4', '5', '6', '7', '8', '9'], 'key': 'edge_node_key3'}, {'values': ['0', '1', '2', '3', '4', '5', '6', '7', '8', '9'], 'key': 'edge_node_key4'}, {'values': ['0', '1', '2', '3', '4', '5', '6', '7', '8', '9'], 'key': 'edge_node_key5'}, {'values': ['0', '1', '2', '3', '4', '5', '6', '7', '8', '9'], 'key': 'edge_node_key6'}, {'values': ['0', '1', '2', '3', '4', '5', '6', '7', '8', '9'], 'key': 'edge_node_key7'}, {'values': ['0', '1', '2', '3', '4', '5', '6', '7', '8', '9'], 'key': 'edge_node_key8'}, {'values': ['0', '1', '2', '3', '4', '5', '6', '7', '8', '9'], 'key': 'edge_node_key9'}]}</td></tr>
<tr bordercolor="Blue" align="center"><td>post</td><td>988a1af23ff942879d4844f233ba7b23/ief-edge_node/resource_instances/action</td><td>0.554346084595</td><td>200</td><td>200</td><td>success</td><td>{'action': 'count', 'tags': [{'values': ['0', '1', '2', '3', '4', '5', '6', '7', '8', '9'], 'key': 'edge_node_key0'}, {'values': ['0', '1', '2', '3', '4', '5', '6', '7', '8', '9'], 'key': 'edge_node_key1'}, {'values': ['0', '1', '2', '3', '4', '5', '6', '7', '8', '9'], 'key': 'edge_node_key2'}, {'values': ['0', '1', '2', '3', '4', '5', '6', '7', '8', '9'], 'key': 'edge_node_key3'}, {'values': ['0', '1', '2', '3', '4', '5', '6', '7', '8', '9'], 'key': 'edge_node_key4'}, {'values': ['0', '1', '2', '3', '4', '5', '6', '7', '8', '9'], 'key': 'edge_node_key5'}, {'values': ['0', '1', '2', '3', '4', '5', '6', '7', '8', '9'], 'key': 'edge_node_key6'}, {'values': ['0', '1', '2', '3', '4', '5', '6', '7', '8', '9'], 'key': 'edge_node_key7'}, {'values': ['0', '1', '2', '3', '4', '5', '6', '7', '8', '9'], 'key': 'edge_node_key8'}, {'values': ['0', '1', '2', '3', '4', '5', '6', '7', '8', '9'], 'key': 'edge_node_key9'}]}</td></tr>
<tr bordercolor="Blue" align="center"><td>post</td><td>988a1af23ff942879d4844f233ba7b23/ief-edge_node/resource_instances/action</td><td>0.31923699379</td><td>400</td><td>400</td><td>success</td><td>{'action': 'count', 'tags': [{'values': ['value0']}]}</td></tr>
<tr bordercolor="Blue" align="center"><td>post</td><td>988a1af23ff942879d4844f233ba7b23/ief-edge_node/resource_instances/action</td><td>0.908905029297</td><td>400</td><td>400</td><td>success</td><td>{'action': 'count', 'tags': [{'values': ['value0'], 'key': None}]}</td></tr>
<tr bordercolor="Blue" align="center"><td>post</td><td>988a1af23ff942879d4844f233ba7b23/ief-edge_node/resource_instances/action</td><td>0.590450048447</td><td>200</td><td>200</td><td>success</td><td>{'action': 'count', 'tags': [{'values': ['value0'], 'key': 'null'}]}</td></tr>
<tr bordercolor="Blue" align="center"><td>post</td><td>988a1af23ff942879d4844f233ba7b23/ief-edge_node/resource_instances/action</td><td>0.745638847351</td><td>400</td><td>400</td><td>success</td><td>{'action': 'count', 'tags': [{'values': ['value0'], 'key': ''}]}</td></tr>
<tr bordercolor="Blue" align="center"><td>post</td><td>988a1af23ff942879d4844f233ba7b23/ief-edge_node/resource_instances/action</td><td>0.715502977371</td><td>400</td><td>400</td><td>success</td><td>{'action': 'count', 'tags': [{'values': ['value0'], 'key': ' '}]}</td></tr>
<tr bordercolor="Blue" align="center"><td>post</td><td>988a1af23ff942879d4844f233ba7b23/ief-edge_node/resource_instances/action</td><td>0.182714939117</td><td>400</td><td>400</td><td>success</td><td>{'action': 'count', 'tags': [{'values': ['value0'], 'key': '  '}]}</td></tr>
<tr bordercolor="Blue" align="center"><td>get</td><td>988a1af23ff942879d4844f233ba7b23/edgemgr/nodes</td><td>0.268738031387</td><td>200</td><td>200</td><td>success</td><td>None</td></tr>
<tr bordercolor="Blue" align="center"><td>post</td><td>988a1af23ff942879d4844f233ba7b23/ief-edge_node/ba23b368-62be-4aa3-ab32-140e844570ca/tags</td><td>0.230818033218</td><td>204</td><td>204</td><td>success</td><td>{'tag': {'value': 'edge_node_value0', 'key': 'edge_node_key0'}}</td></tr>
<tr bordercolor="Blue" align="center"><td>post</td><td>988a1af23ff942879d4844f233ba7b23/ief-edge_node/ba23b368-62be-4aa3-ab32-140e844570ca/tags</td><td>0.191609859467</td><td>204</td><td>204</td><td>success</td><td>{'tag': {'value': '', 'key': 'null'}}</td></tr>
<tr bordercolor="Blue" align="center"><td>post</td><td>988a1af23ff942879d4844f233ba7b23/ief-edge_node/resource_instances/action</td><td>0.598707914352</td><td>200</td><td>200</td><td>success</td><td>{'action': 'count', 'tags': [{'values': [''], 'key': 'null'}]}</td></tr>
<tr bordercolor="Blue" align="center"><td>post</td><td>988a1af23ff942879d4844f233ba7b23/ief-edge_node/resource_instances/action</td><td>0.717956066132</td><td>200</td><td>200</td><td>success</td><td>{'action': 'count', 'tags': [{'values': ['edge_node_value0'], 'key': ' edge_node_key0 '}]}</td></tr>
<tr bordercolor="Blue" align="center"><td>post</td><td>988a1af23ff942879d4844f233ba7b23/ief-edge_node/resource_instances/action</td><td>1.3929309845</td><td>200</td><td>200</td><td>success</td><td>{'action': 'count', 'tags': [{'values': ['edge_node_value0', 'abc'], 'key': ' edge_node_key0 '}]}</td></tr>
<tr bordercolor="Blue" align="center"><td>post</td><td>988a1af23ff942879d4844f233ba7b23/ief-edge_node/resource_instances/action</td><td>0.651849031448</td><td>200</td><td>200</td><td>success</td><td>{'action': 'count', 'tags': [{'values': ['edge_node_value0'], 'key': '  edge_node_key0  '}]}</td></tr>
<tr bordercolor="Blue" align="center"><td>post</td><td>988a1af23ff942879d4844f233ba7b23/ief-edge_node/resource_instances/action</td><td>0.548555850983</td><td>200</td><td>200</td><td>success</td><td>{'action': 'count', 'tags': [{'values': ['edge_node_value0'], 'key': '  edge_node_key0'}]}</td></tr>
<tr bordercolor="Blue" align="center"><td>post</td><td>988a1af23ff942879d4844f233ba7b23/ief-edge_node/resource_instances/action</td><td>0.52655005455</td><td>400</td><td>400</td><td>success</td><td>{'action': 'count', 'tags': [{'values': ['edge_node_value0'], 'key': ' edge_node_key0 '}, {'value': 'null', 'key': 'edge_node_key0'}]}</td></tr>
<tr bordercolor="Blue" align="center"><td>post</td><td>988a1af23ff942879d4844f233ba7b23/ief-edge_node/resource_instances/action</td><td>0.346019029617</td><td>200</td><td>200</td><td>success</td><td>{'action': 'count', 'tags': [{'values': ['edge_node_value0'], 'key': 'q'}]}</td></tr>
<tr bordercolor="Blue" align="center"><td>post</td><td>988a1af23ff942879d4844f233ba7b23/ief-edge_node/resource_instances/action</td><td>0.253215074539</td><td>200</td><td>200</td><td>success</td><td>{'action': 'count', 'tags': [{'values': ['edge_node_value0'], 'key': 'qqqqqqqqqqqqqqqqqqqqqqqqqqqqqqqqqqqqqqqqqqqqqqqqqqqqqqqqqqqqqqqqqqqqqqqqqqqqqqqqqqqqqqqqqqqqqqqqqqqqqqqqqqqqqqqqqqqqqqqqqqqqqqq'}]}</td></tr>
<tr bordercolor="Blue" align="center"><td>post</td><td>988a1af23ff942879d4844f233ba7b23/ief-edge_node/resource_instances/action</td><td>0.159947156906</td><td>400</td><td>400</td><td>success</td><td>{'action': 'count', 'tags': [{'values': ['edge_node_value0'], 'key': 'qqqqqqqqqqqqqqqqqqqqqqqqqqqqqqqqqqqqqqqqqqqqqqqqqqqqqqqqqqqqqqqqqqqqqqqqqqqqqqqqqqqqqqqqqqqqqqqqqqqqqqqqqqqqqqqqqqqqqqqq qqqqqqq'}]}</td></tr>
<tr bordercolor="Blue" align="center"><td>post</td><td>988a1af23ff942879d4844f233ba7b23/ief-edge_node/resource_instances/action</td><td>0.18301987648</td><td>400</td><td>400</td><td>success</td><td>{'action': 'count', 'tags': [{'values': ['edge_node_value0'], 'key': 'qqqqqqqqqqqqqqqqqqqqqqqqqqqqqqqqqqqqqqqqqqqqqqqqqqqqqqqqqqqqqqqqqqqqqqqqqqqqqqqqqqqqqqqqqqqqqqqqqqqqqqqqqqqqqqqqqqqqqqqqqqqqqqqq'}]}</td></tr>
<tr bordercolor="Blue" align="center"><td>post</td><td>988a1af23ff942879d4844f233ba7b23/ief-edge_node/resource_instances/action</td><td>0.192099094391</td><td>200</td><td>200</td><td>success</td><td>{'action': 'count', 'tags': [{'values': ['edge_node_value0'], 'key': '*'}]}</td></tr>
<tr bordercolor="Blue" align="center"><td>post</td><td>988a1af23ff942879d4844f233ba7b23/ief-edge_node/resource_instances/action</td><td>0.180374860764</td><td>200</td><td>200</td><td>success</td><td>{'action': 'count', 'tags': [{'values': ['edge_node_value0'], 'key': '<'}]}</td></tr>
<tr bordercolor="Blue" align="center"><td>post</td><td>988a1af23ff942879d4844f233ba7b23/ief-edge_node/resource_instances/action</td><td>0.344554901123</td><td>200</td><td>200</td><td>success</td><td>{'action': 'count', 'tags': [{'values': ['edge_node_value0'], 'key': '>'}]}</td></tr>
<tr bordercolor="Blue" align="center"><td>post</td><td>988a1af23ff942879d4844f233ba7b23/ief-edge_node/resource_instances/action</td><td>0.375066995621</td><td>200</td><td>200</td><td>success</td><td>{'action': 'count', 'tags': [{'values': ['edge_node_value0'], 'key': '\\'}]}</td></tr>
<tr bordercolor="Blue" align="center"><td>post</td><td>988a1af23ff942879d4844f233ba7b23/ief-edge_node/resource_instances/action</td><td>0.172924995422</td><td>200</td><td>200</td><td>success</td><td>{'action': 'count', 'tags': [{'values': ['edge_node_value0'], 'key': '='}]}</td></tr>
<tr bordercolor="Blue" align="center"><td>post</td><td>988a1af23ff942879d4844f233ba7b23/ief-edge_node/resource_instances/action</td><td>0.500879049301</td><td>200</td><td>200</td><td>success</td><td>{'action': 'count', 'tags': [{'values': ['edge_node_value0'], 'key': '/'}]}</td></tr>
<tr bordercolor="Blue" align="center"><td>post</td><td>988a1af23ff942879d4844f233ba7b23/ief-edge_node/resource_instances/action</td><td>0.219098091125</td><td>200</td><td>200</td><td>success</td><td>{'action': 'count', 'tags': [{'values': ['edge_node_value0'], 'key': '|'}]}</td></tr>
<tr bordercolor="Blue" align="center"><td>post</td><td>988a1af23ff942879d4844f233ba7b23/ief-edge_node/resource_instances/action</td><td>0.533992052078</td><td>200</td><td>200</td><td>success</td><td>{'action': 'count', 'tags': [{'values': ['edge_node_value0'], 'key': ','}]}</td></tr>
<tr bordercolor="Blue" align="center"><td>post</td><td>988a1af23ff942879d4844f233ba7b23/ief-edge_node/resource_instances/action</td><td>0.170073986053</td><td>200</td><td>200</td><td>success</td><td>{'action': 'count', 'tags': [{'values': ['edge_node_value0'], 'key': '$'}]}</td></tr>
<tr bordercolor="Blue" align="center"><td>post</td><td>988a1af23ff942879d4844f233ba7b23/ief-edge_node/resource_instances/action</td><td>0.165894985199</td><td>200</td><td>200</td><td>success</td><td>{'action': 'count', 'tags': [{'values': ['edge_node_value0'], 'key': '%'}]}</td></tr>
<tr bordercolor="Blue" align="center"><td>post</td><td>988a1af23ff942879d4844f233ba7b23/ief-edge_node/resource_instances/action</td><td>0.183260202408</td><td>400</td><td>400</td><td>success</td><td>{'action': 'count', 'tags': [{'values': ['value0', 'value0'], 'key': 'qqqqqqqqqqqqqqqqqqqqqqqqqqqqqqqqqqqqqqqqqqqqqqqqqqqqqqqqqqqqqqqqqqqqqqqqqqqqqqqqqqqqqqqqqqqqqqqqqqqqqqqqqqqqqqqqqqqqqqqqqqqqqqq'}]}</td></tr>
<tr bordercolor="Blue" align="center"><td>post</td><td>988a1af23ff942879d4844f233ba7b23/ief-edge_node/resource_instances/action</td><td>0.482423067093</td><td>200</td><td>200</td><td>success</td><td>{'action': 'count', 'tags': [{'values': [''], 'key': 'qqqqqqqqqqqqqqqqqqqqqqqqqqqqqqqqqqqqqqqqqqqqqqqqqqqqqqqqqqqqqqqqqqqqqqqqqqqqqqqqqqqqqqqqqqqqqqqqqqqqqqqqqqqqqqqqqqqqqqqqqqqqqqq'}]}</td></tr>
<tr bordercolor="Blue" align="center"><td>post</td><td>988a1af23ff942879d4844f233ba7b23/ief-edge_node/resource_instances/action</td><td>0.347346782684</td><td>200</td><td>200</td><td>success</td><td>{'action': 'count', 'tags': [{'values': [''], 'key': 'null'}]}</td></tr>
<tr bordercolor="Blue" align="center"><td>post</td><td>988a1af23ff942879d4844f233ba7b23/ief-edge_node/resource_instances/action</td><td>1.10081195831</td><td>200</td><td>200</td><td>success</td><td>{'action': 'count', 'tags': [{'values': [' '], 'key': 'qqqqqqqqqqqqqqqqqqqqqqqqqqqqqqqqqqqqqqqqqqqqqqqqqqqqqqqqqqqqqqqqqqqqqqqqqqqqqqqqqqqqqqqqqqqqqqqqqqqqqqqqqqqqqqqqqqqqqqqqqqqqqqq'}]}</td></tr>
<tr bordercolor="Blue" align="center"><td>post</td><td>988a1af23ff942879d4844f233ba7b23/ief-edge_node/resource_instances/action</td><td>0.355163097382</td><td>200</td><td>200</td><td>success</td><td>{'action': 'count', 'tags': [{'values': ['  '], 'key': 'qqqqqqqqqqqqqqqqqqqqqqqqqqqqqqqqqqqqqqqqqqqqqqqqqqqqqqqqqqqqqqqqqqqqqqqqqqqqqqqqqqqqqqqqqqqqqqqqqqqqqqqqqqqqqqqqqqqqqqqqqqqqqqq'}]}</td></tr>
<tr bordercolor="Blue" align="center"><td>post</td><td>988a1af23ff942879d4844f233ba7b23/ief-edge_node/resource_instances/action</td><td>0.258918046951</td><td>200</td><td>200</td><td>success</td><td>{'action': 'count', 'tags': [{'values': [' edge_node_value0 '], 'key': 'edge_node_key0'}]}</td></tr>
<tr bordercolor="Blue" align="center"><td>post</td><td>988a1af23ff942879d4844f233ba7b23/ief-edge_node/resource_instances/action</td><td>0.668416976929</td><td>200</td><td>200</td><td>success</td><td>{'action': 'count', 'tags': [{'values': ['  edge_node_value0  '], 'key': 'edge_node_key0'}]}</td></tr>
<tr bordercolor="Blue" align="center"><td>post</td><td>988a1af23ff942879d4844f233ba7b23/ief-edge_node/resource_instances/action</td><td>0.184031009674</td><td>400</td><td>400</td><td>success</td><td>{'action': 'count', 'tags': [{'values': [None], 'key': 'qqqqqqqqqqqqqqqqqqqqqqqqqqqqqqqqqqqqqqqqqqqqqqqqqqqqqqqqqqqqqqqqqqqqqqqqqqqqqqqqqqqqqqqqqqqqqqqqqqqqqqqqqqqqqqqqqqqqqqqqqqqqqqq'}]}</td></tr>
<tr bordercolor="Blue" align="center"><td>post</td><td>988a1af23ff942879d4844f233ba7b23/ief-edge_node/resource_instances/action</td><td>0.243829965591</td><td>200</td><td>200</td><td>success</td><td>{'action': 'count', 'tags': [{'values': ['null'], 'key': 'qqqqqqqqqqqqqqqqqqqqqqqqqqqqqqqqqqqqqqqqqqqqqqqqqqqqqqqqqqqqqqqqqqqqqqqqqqqqqqqqqqqqqqqqqqqqqqqqqqqqqqqqqqqqqqqqqqqqqqqqqqqqqqq'}]}</td></tr>
<tr bordercolor="Blue" align="center"><td>post</td><td>988a1af23ff942879d4844f233ba7b23/ief-edge_node/resource_instances/action</td><td>0.166380882263</td><td>400</td><td>400</td><td>success</td><td>{'action': 'count', 'tags': [{'key': 'qqqqqqqqqqqqqqqqqqqqqqqqqqqqqqqqqqqqqqqqqqqqqqqqqqqqqqqqqqqqqqqqqqqqqqqqqqqqqqqqqqqqqqqqqqqqqqqqqqqqqqqqqqqqqqqqqqqqqqqqqqqqqqq'}]}</td></tr>
<tr bordercolor="Blue" align="center"><td>post</td><td>988a1af23ff942879d4844f233ba7b23/ief-edge_node/resource_instances/action</td><td>0.275060176849</td><td>200</td><td>200</td><td>success</td><td>{'action': 'count', 'tags': [{'values': [], 'key': 'edge_node_key0'}]}</td></tr>
<tr bordercolor="Blue" align="center"><td>post</td><td>988a1af23ff942879d4844f233ba7b23/ief-edge_node/resource_instances/action</td><td>0.445710897446</td><td>200</td><td>200</td><td>success</td><td>{'action': 'count', 'tags': [{'values': ['q'], 'key': 'qqqqqqqqqqqqqqqqqqqqqqqqqqqqqqqqqqqqqqqqqqqqqqqqqqqqqqqqqqqqqqqqqqqqqqqqqqqqqqqqqqqqqqqqqqqqqqqqqqqqqqqqqqqqqqqqqqqqqqqqqqqqqqq'}]}</td></tr>
<tr bordercolor="Blue" align="center"><td>post</td><td>988a1af23ff942879d4844f233ba7b23/ief-edge_node/resource_instances/action</td><td>0.178511142731</td><td>200</td><td>200</td><td>success</td><td>{'action': 'count', 'tags': [{'values': ['qqqqqqqqqqqqqqqqqqqqqqqqqqqqqqqqqqqqqqqqqqqqqqqqqqqqqqqqqqqqqqqqqqqqqqqqqqqqqqqqqqqqqqqqqqqqqqqqqqqqqqqqqqqqqqqqqqqqqqqqqqqqqqqqqqqqqqqqqqqqqqqqqqqqqqqqqqqqqqqqqqqqqqqqqqqqqqqqqqqqqqqqqqqqqqqqqqqqqqqqqqqqqqqqqqqqqqqqqqqqqqqqqqqqqqqqqqqqqqqqqqqqqqqqqqqqqqq'], 'key': 'edge_node_key0'}]}</td></tr>
<tr bordercolor="Blue" align="center"><td>post</td><td>988a1af23ff942879d4844f233ba7b23/ief-edge_node/resource_instances/action</td><td>0.179697990417</td><td>400</td><td>400</td><td>success</td><td>{'action': 'count', 'tags': [{'values': ['qqqqqqqqqqqqqqqqqqqqqqqqqqqqqqqqqqqqqqqqqqqqqqqqqqqqqqqqqqqqqqqqqqqqqqqqqqqqqqqqqqqqqqqqqqqqqqqqqqqqqqqqqqqqqqqqqqqqqqqqqqqqqqqqqqqqqqqqqqqqqqqqqqqqqqqqqqqqqqqqqqqqqqqqqqqqqqqqqqqqqqqqqqqqqqqqqqqqqqqqqqqqqqqqqqqqqqqqqqqqqqqqqqqqqqqqqqqqqqqqqqqqqqqqqq qqqqq'], 'key': 'edge_node_key0'}]}</td></tr>
<tr bordercolor="Blue" align="center"><td>post</td><td>988a1af23ff942879d4844f233ba7b23/ief-edge_node/resource_instances/action</td><td>0.292055845261</td><td>400</td><td>400</td><td>success</td><td>{'action': 'count', 'tags': [{'values': ['qqqqqqqqqqqqqqqqqqqqqqqqqqqqqqqqqqqqqqqqqqqqqqqqqqqqqqqqqqqqqqqqqqqqqqqqqqqqqqqqqqqqqqqqqqqqqqqqqqqqqqqqqqqqqqqqqqqqqqqqqqqqqqqqqqqqqqqqqqqqqqqqqqqqqqqqqqqqqqqqqqqqqqqqqqqqqqqqqqqqqqqqqqqqqqqqqqqqqqqqqqqqqqqqqqqqqqqqqqqqqqqqqqqqqqqqqqqqqqqqqqqqqqqqqqqqqqqq'], 'key': 'edge_node_key0'}]}</td></tr>
<tr bordercolor="Blue" align="center"><td>post</td><td>988a1af23ff942879d4844f233ba7b23/ief-edge_node/resource_instances/action</td><td>0.308421134949</td><td>200</td><td>200</td><td>success</td><td>{'action': 'count', 'tags': [{'values': ['*edge_node_value0'], 'key': 'edge_node_key0'}]}</td></tr>
<tr bordercolor="Blue" align="center"><td>post</td><td>988a1af23ff942879d4844f233ba7b23/ief-edge_node/resource_instances/action</td><td>0.192940950394</td><td>200</td><td>200</td><td>success</td><td>{'action': 'count', 'tags': [{'values': ['<'], 'key': 'edge_node_key0'}]}</td></tr>
<tr bordercolor="Blue" align="center"><td>post</td><td>988a1af23ff942879d4844f233ba7b23/ief-edge_node/resource_instances/action</td><td>0.542537927628</td><td>200</td><td>200</td><td>success</td><td>{'action': 'count', 'tags': [{'values': ['>'], 'key': 'edge_node_key0'}]}</td></tr>
<tr bordercolor="Blue" align="center"><td>post</td><td>988a1af23ff942879d4844f233ba7b23/ief-edge_node/resource_instances/action</td><td>0.584485054016</td><td>200</td><td>200</td><td>success</td><td>{'action': 'count', 'tags': [{'values': ['\\'], 'key': 'edge_node_key0'}]}</td></tr>
<tr bordercolor="Blue" align="center"><td>post</td><td>988a1af23ff942879d4844f233ba7b23/ief-edge_node/resource_instances/action</td><td>0.168138027191</td><td>200</td><td>200</td><td>success</td><td>{'action': 'count', 'tags': [{'values': ['='], 'key': 'edge_node_key0'}]}</td></tr>
<tr bordercolor="Blue" align="center"><td>post</td><td>988a1af23ff942879d4844f233ba7b23/ief-edge_node/resource_instances/action</td><td>0.525722980499</td><td>200</td><td>200</td><td>success</td><td>{'action': 'count', 'tags': [{'values': ['/'], 'key': 'edge_node_key0'}]}</td></tr>
<tr bordercolor="Blue" align="center"><td>post</td><td>988a1af23ff942879d4844f233ba7b23/ief-edge_node/resource_instances/action</td><td>0.31690788269</td><td>200</td><td>200</td><td>success</td><td>{'action': 'count', 'tags': [{'values': ['|'], 'key': 'edge_node_key0'}]}</td></tr>
<tr bordercolor="Blue" align="center"><td>post</td><td>988a1af23ff942879d4844f233ba7b23/ief-edge_node/resource_instances/action</td><td>0.167056798935</td><td>200</td><td>200</td><td>success</td><td>{'action': 'count', 'tags': [{'values': [','], 'key': 'edge_node_key0'}]}</td></tr>
<tr bordercolor="Blue" align="center"><td>post</td><td>988a1af23ff942879d4844f233ba7b23/ief-edge_node/resource_instances/action</td><td>0.303250074387</td><td>200</td><td>200</td><td>success</td><td>{'action': 'count', 'tags': [{'values': ['$'], 'key': 'edge_node_key0'}]}</td></tr>
<tr bordercolor="Blue" align="center"><td>post</td><td>988a1af23ff942879d4844f233ba7b23/ief-edge_node/resource_instances/action</td><td>0.174900054932</td><td>200</td><td>200</td><td>success</td><td>{'action': 'count', 'tags': [{'values': ['%'], 'key': 'edge_node_key0'}]}</td></tr>
<tr bordercolor="Blue" align="center"><td>post</td><td>988a1af23ff942879d4844f233ba7b23/ief-edge_node/resource_instances/action</td><td>0.287130832672</td><td>400</td><td>400</td><td>success</td><td>{'action': 'count', 'tags': [{'values': {}, 'key': 'edge_node_key0'}]}</td></tr>
<tr bordercolor="Blue" align="center"><td>post</td><td>988a1af23ff942879d4844f233ba7b23/ief-edge_node/resource_instances/action</td><td>0.170940876007</td><td>400</td><td>400</td><td>success</td><td>{'action': 'count', 'tags': [{'values': [None], 'key': 'edge_node_key0'}]}</td></tr>
<tr bordercolor="Blue" align="center"><td>post</td><td>988a1af23ff942879d4844f233ba7b23/ief-edge_node/resource_instances/action</td><td>0.372138023376</td><td>400</td><td>400</td><td>success</td><td>{'action': 'count', 'tags': None}</td></tr>
<tr bordercolor="Blue" align="center"><td>post</td><td>988a1af23ff942879d4844f233ba7b23/ief-edge_node/resource_instances/action</td><td>0.32492017746</td><td>200</td><td>200</td><td>success</td><td>{'action': 'count', 'offset': '0', 'limit': '10', 'tags': [{'values': ['edge_node_value0'], 'key': 'edge_node_key0'}]}</td></tr>
<tr bordercolor="Blue" align="center"><td>post</td><td>988a1af23ff942879d4844f233ba7b23/ief-edge_node/resource_instances/action</td><td>0.171886920929</td><td>400</td><td>400</td><td>success</td><td>{'action': 'count', 'limit': '1.5', 'tags': [{'values': ['edge_node_value0'], 'key': 'edge_node_key0'}]}</td></tr>
<tr bordercolor="Blue" align="center"><td>post</td><td>988a1af23ff942879d4844f233ba7b23/ief-edge_node/resource_instances/action</td><td>0.18902182579</td><td>200</td><td>200</td><td>success</td><td>{'action': 'count', 'limit': '1', 'tags': [{'values': ['edge_node_value0'], 'key': 'edge_node_key0'}]}</td></tr>
<tr bordercolor="Blue" align="center"><td>post</td><td>988a1af23ff942879d4844f233ba7b23/ief-edge_node/resource_instances/action</td><td>0.162039995193</td><td>400</td><td>400</td><td>success</td><td>{'action': 'count', 'limit': '-1', 'tags': [{'values': ['edge_node_value0'], 'key': 'edge_node_key0'}]}</td></tr>
<tr bordercolor="Blue" align="center"><td>post</td><td>988a1af23ff942879d4844f233ba7b23/ief-edge_node/resource_instances/action</td><td>0.179861068726</td><td>400</td><td>400</td><td>success</td><td>{'action': 'count', 'limit': '0', 'tags': [{'values': ['edge_node_value0'], 'key': 'edge_node_key0'}]}</td></tr>
<tr bordercolor="Blue" align="center"><td>post</td><td>988a1af23ff942879d4844f233ba7b23/ief-edge_node/resource_instances/action</td><td>0.554170131683</td><td>200</td><td>200</td><td>success</td><td>{'action': 'count', 'limit': '999', 'tags': [{'values': ['edge_node_value0'], 'key': 'edge_node_key0'}]}</td></tr>
<tr bordercolor="Blue" align="center"><td>post</td><td>988a1af23ff942879d4844f233ba7b23/ief-edge_node/resource_instances/action</td><td>0.761367082596</td><td>200</td><td>200</td><td>success</td><td>{'action': 'count', 'limit': '1000', 'tags': [{'values': ['edge_node_value0'], 'key': 'edge_node_key0'}]}</td></tr>
<tr bordercolor="Blue" align="center"><td>post</td><td>988a1af23ff942879d4844f233ba7b23/ief-edge_node/resource_instances/action</td><td>0.293273210526</td><td>400</td><td>400</td><td>success</td><td>{'action': 'count', 'limit': '*', 'tags': [{'values': ['edge_node_value0'], 'key': 'edge_node_key0'}]}</td></tr>
<tr bordercolor="Blue" align="center"><td>post</td><td>988a1af23ff942879d4844f233ba7b23/ief-edge_node/resource_instances/action</td><td>0.479730129242</td><td>400</td><td>400</td><td>success</td><td>{'action': 'count', 'limit': 'A', 'tags': [{'values': ['edge_node_value0'], 'key': 'edge_node_key0'}]}</td></tr>
<tr bordercolor="Blue" align="center"><td>post</td><td>988a1af23ff942879d4844f233ba7b23/ief-edge_node/resource_instances/action</td><td>0.262371063232</td><td>400</td><td>400</td><td>success</td><td>{'action': 'count', 'limit': '', 'tags': [{'values': ['edge_node_value0'], 'key': 'edge_node_key0'}]}</td></tr>
<tr bordercolor="Blue" align="center"><td>post</td><td>988a1af23ff942879d4844f233ba7b23/ief-edge_node/resource_instances/action</td><td>0.297717809677</td><td>400</td><td>400</td><td>success</td><td>{'action': 'count', 'limit': 'null', 'tags': [{'values': ['edge_node_value0'], 'key': 'edge_node_key0'}]}</td></tr>
<tr bordercolor="Blue" align="center"><td>post</td><td>988a1af23ff942879d4844f233ba7b23/ief-edge_node/resource_instances/action</td><td>0.159519195557</td><td>400</td><td>400</td><td>success</td><td>{'action': 'count', 'limit': 1001, 'tags': [{'values': ['edge_node_value0'], 'key': 'edge_node_key0'}]}</td></tr>
<tr bordercolor="Blue" align="center"><td>post</td><td>988a1af23ff942879d4844f233ba7b23/ief-edge_node/resource_instances/action</td><td>0.164302110672</td><td>200</td><td>200</td><td>success</td><td>{'action': 'count', 'tags': [{'values': ['edge_node_value0'], 'key': 'edge_node_key0'}]}</td></tr>
<tr bordercolor="Blue" align="center"><td>post</td><td>988a1af23ff942879d4844f233ba7b23/ief-edge_node/resource_instances/action</td><td>0.3644490242</td><td>400</td><td>400</td><td>success</td><td>{'action': 'count', 'offset': -1, 'limit': '10', 'tags': [{'values': ['edge_node_value0'], 'key': 'edge_node_key0'}]}</td></tr>
<tr bordercolor="Blue" align="center"><td>post</td><td>988a1af23ff942879d4844f233ba7b23/ief-edge_node/resource_instances/action</td><td>0.343737125397</td><td>400</td><td>400</td><td>success</td><td>{'action': 'count', 'offset': 'A', 'limit': '10', 'tags': [{'values': ['edge_node_value0'], 'key': 'edge_node_key0'}]}</td></tr>
<tr bordercolor="Blue" align="center"><td>post</td><td>988a1af23ff942879d4844f233ba7b23/ief-edge_node/resource_instances/action</td><td>0.210393190384</td><td>400</td><td>400</td><td>success</td><td>{'action': 'count', 'offset': '#', 'limit': '10', 'tags': [{'values': ['edge_node_value0'], 'key': 'edge_node_key0'}]}</td></tr>
<tr bordercolor="Blue" align="center"><td>post</td><td>988a1af23ff942879d4844f233ba7b23/ief-edge_node/resource_instances/action</td><td>0.191778182983</td><td>200</td><td>200</td><td>success</td><td>{'action': 'count', 'offset': '0', 'limit': '10', 'tags': [{'values': ['edge_node_value0'], 'key': 'edge_node_key0'}]}</td></tr>
<tr bordercolor="Blue" align="center"><td>post</td><td>988a1af23ff942879d4844f233ba7b23/ief-edge_node/resource_instances/action</td><td>0.511059045792</td><td>200</td><td>200</td><td>success</td><td>{'action': 'count', 'offset': '5', 'limit': '10', 'tags': [{'values': ['edge_node_value0'], 'key': 'edge_node_key0'}]}</td></tr>
<tr bordercolor="Blue" align="center"><td>post</td><td>988a1af23ff942879d4844f233ba7b23/ief-edge_node/resource_instances/action</td><td>0.18301820755</td><td>400</td><td>400</td><td>success</td><td>{'action': 'count', 'offset': '', 'limit': '10', 'tags': [{'values': ['edge_node_value0'], 'key': 'edge_node_key0'}]}</td></tr>
<tr bordercolor="Blue" align="center"><td>post</td><td>988a1af23ff942879d4844f233ba7b23/ief-edge_node/resource_instances/action</td><td>0.384760856628</td><td>200</td><td>200</td><td>success</td><td>{'action': 'count', 'limit': '10', 'tags': [{'values': ['edge_node_value0'], 'key': 'edge_node_key0'}]}</td></tr>
<tr bordercolor="Blue" align="center"><td>get</td><td>988a1af23ff942879d4844f233ba7b23/edgemgr/nodes</td><td>0.25738286972</td><td>200</td><td>200</td><td>success</td><td>None</td></tr>
<tr bordercolor="Blue" align="center"><td>get</td><td>988a1af23ff942879d4844f233ba7b23/ief-edge_node/ba23b368-62be-4aa3-ab32-140e844570ca/tags</td><td>0.408278942108</td><td>200</td><td>200</td><td>success</td><td>None</td></tr>
<tr bordercolor="Blue" align="center"><td>delete</td><td>988a1af23ff942879d4844f233ba7b23/ief-edge_node/ba23b368-62be-4aa3-ab32-140e844570ca/tags/edge_node_key0</td><td>0.219884157181</td><td>204</td><td>204</td><td>success</td><td>None</td></tr>
<tr bordercolor="Blue" align="center"><td>delete</td><td>988a1af23ff942879d4844f233ba7b23/ief-edge_node/ba23b368-62be-4aa3-ab32-140e844570ca/tags/null</td><td>0.183534145355</td><td>204</td><td>204</td><td>success</td><td>None</td></tr>
<tr bordercolor="Blue" align="center"><td>get</td><td>988a1af23ff942879d4844f233ba7b23/ief-edge_node/4e01fdd8-2178-4305-bb2d-681e40c7dadf/tags</td><td>0.183685779572</td><td>200</td><td>200</td><td>success</td><td>None</td></tr>
<tr bordercolor="Blue" align="center"><td>get</td><td>988a1af23ff942879d4844f233ba7b23/ief-edge_node/ab2c446b-88ac-48e6-9705-cd152029082d/tags</td><td>0.459609031677</td><td>200</td><td>200</td><td>success</td><td>None</td></tr>
<tr bordercolor="Blue" align="center"><td>get</td><td>988a1af23ff942879d4844f233ba7b23/ief-edge_node/4b001b3c-e13a-4e68-ba58-ec568a791973/tags</td><td>0.206317901611</td><td>200</td><td>200</td><td>success</td><td>None</td></tr>
<tr bordercolor="Blue" align="center"><td>get</td><td>988a1af23ff942879d4844f233ba7b23/ief-edge_node/ce962c62-c12c-4eba-9c8c-9ca30a78bd26/tags</td><td>0.386715888977</td><td>200</td><td>200</td><td>success</td><td>None</td></tr>
<tr bordercolor="Blue" align="center"><td>get</td><td>988a1af23ff942879d4844f233ba7b23/edgemgr/nodes</td><td>0.253396987915</td><td>200</td><td>200</td><td>success</td><td>None</td></tr>
<tr bordercolor="Blue" align="center"><td>post</td><td>988a1af23ff942879d4844f233ba7b23/ief-edge_node/ba23b368-62be-4aa3-ab32-140e844570ca/tags/action</td><td>0.18205499649</td><td>204</td><td>204</td><td>success</td><td>{'action': 'create', 'tags': [{'value': 'qwq_tag_value0', 'key': 'qwq_tag_key0'}]}</td></tr>
<tr bordercolor="Blue" align="center"><td>post</td><td>988a1af23ff942879d4844f233ba7b23/ief-edge_node/ba23b368-62be-4aa3-ab32-140e844570ca/tags/action</td><td>0.191606998444</td><td>204</td><td>204</td><td>success</td><td>{'action': 'delete', 'tags': [{'value': 'qwq_tag_value0', 'key': 'qwq_tag_key0'}]}</td></tr>
<tr bordercolor="Blue" align="center"><td>post</td><td>988a1af23ff942879d4844f233ba7b23/ief-edge_node/ba23b368-62be-4aa3-ab32-140e844570ca/tags/action</td><td>0.955957174301</td><td>204</td><td>204</td><td>success</td><td>{'action': 'create', 'tags': [{'value': 'qwq_tag_value0', 'key': 'qwq_tag_key0'}, {'value': 'qwq_tag_value1', 'key': 'qwq_tag_key1'}, {'value': 'qwq_tag_value2', 'key': 'qwq_tag_key2'}]}</td></tr>
<tr bordercolor="Blue" align="center"><td>post</td><td>988a1af23ff942879d4844f233ba7b23/ief-edge_node/ba23b368-62be-4aa3-ab32-140e844570ca/tags/action</td><td>1.23383402824</td><td>204</td><td>204</td><td>success</td><td>{'action': 'delete', 'tags': [{'value': 'qwq_tag_value0', 'key': 'qwq_tag_key0'}, {'value': 'qwq_tag_value1', 'key': 'qwq_tag_key1'}, {'value': 'qwq_tag_value2', 'key': 'qwq_tag_key2'}]}</td></tr>
<tr bordercolor="Blue" align="center"><td>post</td><td>988a1af23ff942879d4844f233ba7b23/ief-edge_node/ba23b368-62be-4aa3-ab32-140e844570ca/tags/action</td><td>0.203998088837</td><td>204</td><td>204</td><td>success</td><td>{'action': 'create', 'tags': [{'value': 'qwq_tag_value0', 'key': 'qwq_tag_key0'}, {'value': 'qwq_tag_value1', 'key': 'qwq_tag_key1'}, {'value': 'qwq_tag_value2', 'key': 'qwq_tag_key2'}, {'value': 'qwq_tag_value3', 'key': 'qwq_tag_key3'}, {'value': 'qwq_tag_value4', 'key': 'qwq_tag_key4'}]}</td></tr>
<tr bordercolor="Blue" align="center"><td>post</td><td>988a1af23ff942879d4844f233ba7b23/ief-edge_node/ba23b368-62be-4aa3-ab32-140e844570ca/tags/action</td><td>0.268915891647</td><td>204</td><td>204</td><td>success</td><td>{'action': 'delete', 'tags': [{'value': 'qwq_tag_value0', 'key': 'qwq_tag_key0'}, {'value': 'qwq_tag_value1', 'key': 'qwq_tag_key1'}, {'value': 'qwq_tag_value2', 'key': 'qwq_tag_key2'}, {'value': 'qwq_tag_value3', 'key': 'qwq_tag_key3'}, {'value': 'qwq_tag_value4', 'key': 'qwq_tag_key4'}]}</td></tr>
<tr bordercolor="Blue" align="center"><td>post</td><td>988a1af23ff942879d4844f233ba7b23/ief-edge_node/ba23b368-62be-4aa3-ab32-140e844570ca/tags/action</td><td>0.29764509201</td><td>204</td><td>204</td><td>success</td><td>{'action': 'create', 'tags': [{'value': 'qwq_tag_value0', 'key': 'qwq_tag_key0'}, {'value': 'qwq_tag_value1', 'key': 'qwq_tag_key1'}, {'value': 'qwq_tag_value2', 'key': 'qwq_tag_key2'}, {'value': 'qwq_tag_value3', 'key': 'qwq_tag_key3'}, {'value': 'qwq_tag_value4', 'key': 'qwq_tag_key4'}, {'value': 'qwq_tag_value5', 'key': 'qwq_tag_key5'}, {'value': 'qwq_tag_value6', 'key': 'qwq_tag_key6'}, {'value': 'qwq_tag_value7', 'key': 'qwq_tag_key7'}]}</td></tr>
<tr bordercolor="Blue" align="center"><td>post</td><td>988a1af23ff942879d4844f233ba7b23/ief-edge_node/ba23b368-62be-4aa3-ab32-140e844570ca/tags/action</td><td>0.313986063004</td><td>204</td><td>204</td><td>success</td><td>{'action': 'delete', 'tags': [{'value': 'qwq_tag_value0', 'key': 'qwq_tag_key0'}, {'value': 'qwq_tag_value1', 'key': 'qwq_tag_key1'}, {'value': 'qwq_tag_value2', 'key': 'qwq_tag_key2'}, {'value': 'qwq_tag_value3', 'key': 'qwq_tag_key3'}, {'value': 'qwq_tag_value4', 'key': 'qwq_tag_key4'}, {'value': 'qwq_tag_value5', 'key': 'qwq_tag_key5'}, {'value': 'qwq_tag_value6', 'key': 'qwq_tag_key6'}, {'value': 'qwq_tag_value7', 'key': 'qwq_tag_key7'}]}</td></tr>
<tr bordercolor="Blue" align="center"><td>post</td><td>988a1af23ff942879d4844f233ba7b23/ief-edge_node/ba23b368-62be-4aa3-ab32-140e844570ca/tags/action</td><td>0.229739904404</td><td>204</td><td>204</td><td>success</td><td>{'action': 'create', 'tags': [{'value': 'qwq_tag_value0', 'key': 'qwq_tag_key0'}, {'value': 'qwq_tag_value1', 'key': 'qwq_tag_key1'}, {'value': 'qwq_tag_value2', 'key': 'qwq_tag_key2'}, {'value': 'qwq_tag_value3', 'key': 'qwq_tag_key3'}, {'value': 'qwq_tag_value4', 'key': 'qwq_tag_key4'}, {'value': 'qwq_tag_value5', 'key': 'qwq_tag_key5'}, {'value': 'qwq_tag_value6', 'key': 'qwq_tag_key6'}, {'value': 'qwq_tag_value7', 'key': 'qwq_tag_key7'}, {'value': 'qwq_tag_value8', 'key': 'qwq_tag_key8'}, {'value': 'qwq_tag_value9', 'key': 'qwq_tag_key9'}]}</td></tr>
<tr bordercolor="Blue" align="center"><td>post</td><td>988a1af23ff942879d4844f233ba7b23/ief-edge_node/ba23b368-62be-4aa3-ab32-140e844570ca/tags/action</td><td>0.591691017151</td><td>204</td><td>204</td><td>success</td><td>{'action': 'delete', 'tags': [{'value': 'qwq_tag_value0', 'key': 'qwq_tag_key0'}, {'value': 'qwq_tag_value1', 'key': 'qwq_tag_key1'}, {'value': 'qwq_tag_value2', 'key': 'qwq_tag_key2'}, {'value': 'qwq_tag_value3', 'key': 'qwq_tag_key3'}, {'value': 'qwq_tag_value4', 'key': 'qwq_tag_key4'}, {'value': 'qwq_tag_value5', 'key': 'qwq_tag_key5'}, {'value': 'qwq_tag_value6', 'key': 'qwq_tag_key6'}, {'value': 'qwq_tag_value7', 'key': 'qwq_tag_key7'}, {'value': 'qwq_tag_value8', 'key': 'qwq_tag_key8'}, {'value': 'qwq_tag_value9', 'key': 'qwq_tag_key9'}]}</td></tr>
<tr bordercolor="Blue" align="center"><td>post</td><td>988a1af23ff942879d4844f233ba7b23/ief-edge_node/ba23b368-62be-4aa3-ab32-140e844570ca/tags/action</td><td>0.370161056519</td><td>204</td><td>204</td><td>success</td><td>{'action': 'create', 'tags': [{'value': 'qwq_tag_value0', 'key': 'qwq_tag_key0'}]}</td></tr>
<tr bordercolor="Blue" align="center"><td>post</td><td>988a1af23ff942879d4844f233ba7b23/ief-edge_node/ba23b368-62be-4aa3-ab32-140e844570ca/tags/action</td><td>0.171512126923</td><td>204</td><td>204</td><td>success</td><td>{'action': 'create', 'tags': [{'value': 'qwq_tag_value0', 'key': 'qwq_tag_key0'}]}</td></tr>
<tr bordercolor="Blue" align="center"><td>post</td><td>988a1af23ff942879d4844f233ba7b23/ief-edge_node/ba23b368-62be-4aa3-ab32-140e844570ca/tags/action</td><td>1.03487491608</td><td>204</td><td>204</td><td>success</td><td>{'action': 'delete', 'tags': [{'value': 'qwq_tag_value0', 'key': 'qwq_tag_key0'}]}</td></tr>
<tr bordercolor="Blue" align="center"><td>post</td><td>988a1af23ff942879d4844f233ba7b23/ief-edge_node/ba23b368-62be-4aa3-ab32-140e844570ca/tags/action</td><td>0.473156929016</td><td>400</td><td>400</td><td>success</td><td>{'action': 'create', 'tags': [{'value': 'qwq_tag_value0', 'key': 'qwq_tag_key0'}, {'value': 'qwq_tag_value1', 'key': 'qwq_tag_key1'}, {'value': 'qwq_tag_value2', 'key': 'qwq_tag_key2'}, {'value': 'qwq_tag_value3', 'key': 'qwq_tag_key3'}, {'value': 'qwq_tag_value4', 'key': 'qwq_tag_key4'}, {'value': 'qwq_tag_value5', 'key': 'qwq_tag_key5'}, {'value': 'qwq_tag_value6', 'key': 'qwq_tag_key6'}, {'value': 'qwq_tag_value7', 'key': 'qwq_tag_key7'}, {'value': 'qwq_tag_value8', 'key': 'qwq_tag_key8'}, {'value': 'qwq_tag_value9', 'key': 'qwq_tag_key9'}, {'value': 'qwq_tag_value10', 'key': 'qwq_tag_key10'}]}</td></tr>
<tr bordercolor="Blue" align="center"><td>post</td><td>988a1af23ff942879d4844f233ba7b23/ief-edge_node/ba23b368-62be-4aa3-ab32-140e844570ca/tags/action</td><td>0.258372068405</td><td>400</td><td>400</td><td>success</td><td>{'action': 'create', 'tags': [{'value': 'value0', 'key': None}]}</td></tr>
<tr bordercolor="Blue" align="center"><td>post</td><td>988a1af23ff942879d4844f233ba7b23/ief-edge_node/ba23b368-62be-4aa3-ab32-140e844570ca/tags/action</td><td>0.171303033829</td><td>204</td><td>204</td><td>success</td><td>{'action': 'create', 'tags': [{'value': 'value0', 'key': 'null'}]}</td></tr>
<tr bordercolor="Blue" align="center"><td>post</td><td>988a1af23ff942879d4844f233ba7b23/ief-edge_node/ba23b368-62be-4aa3-ab32-140e844570ca/tags/action</td><td>0.225368022919</td><td>204</td><td>204</td><td>success</td><td>{'action': 'delete', 'tags': [{'value': 'value0', 'key': 'null'}]}</td></tr>
<tr bordercolor="Blue" align="center"><td>post</td><td>988a1af23ff942879d4844f233ba7b23/ief-edge_node/ba23b368-62be-4aa3-ab32-140e844570ca/tags/action</td><td>1.43264317513</td><td>400</td><td>400</td><td>success</td><td>{'action': 'create', 'tags': [{'value': 'value0', 'key': ''}]}</td></tr>
<tr bordercolor="Blue" align="center"><td>post</td><td>988a1af23ff942879d4844f233ba7b23/ief-edge_node/ba23b368-62be-4aa3-ab32-140e844570ca/tags/action</td><td>0.319875955582</td><td>400</td><td>400</td><td>success</td><td>{'action': 'create', 'tags': [{' ': 'value0', 'key': 'null'}]}</td></tr>
<tr bordercolor="Blue" align="center"><td>post</td><td>988a1af23ff942879d4844f233ba7b23/ief-edge_node/ba23b368-62be-4aa3-ab32-140e844570ca/tags/action</td><td>0.209848880768</td><td>204</td><td>204</td><td>success</td><td>{'action': 'create', 'tags': [{'value': 'value0', 'key': 'q'}]}</td></tr>
<tr bordercolor="Blue" align="center"><td>post</td><td>988a1af23ff942879d4844f233ba7b23/ief-edge_node/ba23b368-62be-4aa3-ab32-140e844570ca/tags/action</td><td>0.570518016815</td><td>204</td><td>204</td><td>success</td><td>{'action': 'delete', 'tags': [{'value': 'value0', 'key': 'q'}]}</td></tr>
<tr bordercolor="Blue" align="center"><td>post</td><td>988a1af23ff942879d4844f233ba7b23/ief-edge_node/ba23b368-62be-4aa3-ab32-140e844570ca/tags/action</td><td>0.194584846497</td><td>204</td><td>204</td><td>success</td><td>{'action': 'create', 'tags': [{'value': 'value0', 'key': 'qqqqqqqqqqqqqqqqqqqqqqqqqqqqqqqqqqqq'}]}</td></tr>
<tr bordercolor="Blue" align="center"><td>post</td><td>988a1af23ff942879d4844f233ba7b23/ief-edge_node/ba23b368-62be-4aa3-ab32-140e844570ca/tags/action</td><td>0.206321001053</td><td>204</td><td>204</td><td>success</td><td>{'action': 'delete', 'tags': [{'value': 'value0', 'key': 'qqqqqqqqqqqqqqqqqqqqqqqqqqqqqqqqqqqq'}]}</td></tr>
<tr bordercolor="Blue" align="center"><td>post</td><td>988a1af23ff942879d4844f233ba7b23/ief-edge_node/ba23b368-62be-4aa3-ab32-140e844570ca/tags/action</td><td>0.196289777756</td><td>204</td><td>204</td><td>success</td><td>{'action': 'create', 'tags': [{'value': 'value0', 'key': ' qqqqqqqqqqqqqqqqqqqqqqqqqqqqqqqqqqqq'}]}</td></tr>
<tr bordercolor="Blue" align="center"><td>post</td><td>988a1af23ff942879d4844f233ba7b23/ief-edge_node/ba23b368-62be-4aa3-ab32-140e844570ca/tags/action</td><td>0.186452865601</td><td>204</td><td>204</td><td>success</td><td>{'action': 'delete', 'tags': [{'value': 'value0', 'key': 'q'}]}</td></tr>
<tr bordercolor="Blue" align="center"><td>post</td><td>988a1af23ff942879d4844f233ba7b23/ief-edge_node/ba23b368-62be-4aa3-ab32-140e844570ca/tags/action</td><td>0.456126213074</td><td>400</td><td>400</td><td>success</td><td>{'action': 'create', 'tags': [{'value': 'value0', 'key': 'qqqqqqqqqqqqqqqq qqqqqqqqqqqqqqqqqqqq'}]}</td></tr>
<tr bordercolor="Blue" align="center"><td>post</td><td>988a1af23ff942879d4844f233ba7b23/ief-edge_node/ba23b368-62be-4aa3-ab32-140e844570ca/tags/action</td><td>0.604654073715</td><td>400</td><td>400</td><td>success</td><td>{'action': 'create', 'tags': [{'value': 'value0', 'key': 'qqqqqqqqqqqqqqqqqqqqqqqqqqqqqqqqqqqqq'}]}</td></tr>
<tr bordercolor="Blue" align="center"><td>post</td><td>988a1af23ff942879d4844f233ba7b23/ief-edge_node/ba23b368-62be-4aa3-ab32-140e844570ca/tags/action</td><td>0.404465198517</td><td>400</td><td>400</td><td>success</td><td>{'action': 'create', 'tags': [{'value': 'value0'}]}</td></tr>
<tr bordercolor="Blue" align="center"><td>post</td><td>988a1af23ff942879d4844f233ba7b23/ief-edge_node/ba23b368-62be-4aa3-ab32-140e844570ca/tags/action</td><td>0.445101976395</td><td>400</td><td>400</td><td>success</td><td>{'action': 'create', 'tags': [{'value': 'value0', 'key': u'AAaa00-99_\u4e2d'}]}</td></tr>
<tr bordercolor="Blue" align="center"><td>post</td><td>988a1af23ff942879d4844f233ba7b23/ief-edge_node/ba23b368-62be-4aa3-ab32-140e844570ca/tags/action</td><td>0.399420022964</td><td>400</td><td>400</td><td>success</td><td>{'action': 'create', 'tags': [{'value': 'value0', 'key': 'key*'}]}</td></tr>
<tr bordercolor="Blue" align="center"><td>post</td><td>988a1af23ff942879d4844f233ba7b23/ief-edge_node/ba23b368-62be-4aa3-ab32-140e844570ca/tags/action</td><td>0.178021907806</td><td>400</td><td>400</td><td>success</td><td>{'action': 'create', 'tags': [{'value': 'value0', 'key': 'key<'}]}</td></tr>
<tr bordercolor="Blue" align="center"><td>post</td><td>988a1af23ff942879d4844f233ba7b23/ief-edge_node/ba23b368-62be-4aa3-ab32-140e844570ca/tags/action</td><td>0.78289103508</td><td>400</td><td>400</td><td>success</td><td>{'action': 'create', 'tags': [{'value': 'value0', 'key': 'key>'}]}</td></tr>
<tr bordercolor="Blue" align="center"><td>post</td><td>988a1af23ff942879d4844f233ba7b23/ief-edge_node/ba23b368-62be-4aa3-ab32-140e844570ca/tags/action</td><td>0.228399038315</td><td>400</td><td>400</td><td>success</td><td>{'action': 'create', 'tags': [{'value': 'value0', 'key': 'key\\'}]}</td></tr>
<tr bordercolor="Blue" align="center"><td>post</td><td>988a1af23ff942879d4844f233ba7b23/ief-edge_node/ba23b368-62be-4aa3-ab32-140e844570ca/tags/action</td><td>0.171721935272</td><td>400</td><td>400</td><td>success</td><td>{'action': 'create', 'tags': [{'value': 'value0', 'key': 'key='}]}</td></tr>
<tr bordercolor="Blue" align="center"><td>post</td><td>988a1af23ff942879d4844f233ba7b23/ief-edge_node/ba23b368-62be-4aa3-ab32-140e844570ca/tags/action</td><td>0.189410924911</td><td>400</td><td>400</td><td>success</td><td>{'action': 'create', 'tags': [{'value': 'value0', 'key': 'key/'}]}</td></tr>
<tr bordercolor="Blue" align="center"><td>post</td><td>988a1af23ff942879d4844f233ba7b23/ief-edge_node/ba23b368-62be-4aa3-ab32-140e844570ca/tags/action</td><td>0.557607889175</td><td>400</td><td>400</td><td>success</td><td>{'action': 'create', 'tags': [{'value': 'value0', 'key': 'key|'}]}</td></tr>
<tr bordercolor="Blue" align="center"><td>post</td><td>988a1af23ff942879d4844f233ba7b23/ief-edge_node/ba23b368-62be-4aa3-ab32-140e844570ca/tags/action</td><td>0.171162128448</td><td>400</td><td>400</td><td>success</td><td>{'action': 'create', 'tags': [{'value': 'value0', 'key': 'key,'}]}</td></tr>
<tr bordercolor="Blue" align="center"><td>post</td><td>988a1af23ff942879d4844f233ba7b23/ief-edge_node/ba23b368-62be-4aa3-ab32-140e844570ca/tags/action</td><td>1.08205986023</td><td>400</td><td>400</td><td>success</td><td>{'action': 'create', 'tags': [{'value': 'value0', 'key': 'key$'}]}</td></tr>
<tr bordercolor="Blue" align="center"><td>post</td><td>988a1af23ff942879d4844f233ba7b23/ief-edge_node/ba23b368-62be-4aa3-ab32-140e844570ca/tags/action</td><td>0.321591854095</td><td>400</td><td>400</td><td>success</td><td>{'action': 'create', 'tags': [{'value': 'value0', 'key': 'key&'}]}</td></tr>
<tr bordercolor="Blue" align="center"><td>post</td><td>988a1af23ff942879d4844f233ba7b23/ief-edge_node/ba23b368-62be-4aa3-ab32-140e844570ca/tags/action</td><td>0.167750120163</td><td>400</td><td>400</td><td>success</td><td>{'action': 'create', 'tags': [{'value': 'value0', 'key': 'key%'}]}</td></tr>
<tr bordercolor="Blue" align="center"><td>post</td><td>988a1af23ff942879d4844f233ba7b23/ief-edge_node/ba23b368-62be-4aa3-ab32-140e844570ca/tags/action</td><td>0.167266845703</td><td>400</td><td>400</td><td>success</td><td>{'action': 'create', 'tags': [{'value': None, 'key': 'q'}]}</td></tr>
<tr bordercolor="Blue" align="center"><td>post</td><td>988a1af23ff942879d4844f233ba7b23/ief-edge_node/ba23b368-62be-4aa3-ab32-140e844570ca/tags/action</td><td>0.171182870865</td><td>204</td><td>204</td><td>success</td><td>{'action': 'create', 'tags': [{'value': 'null', 'key': 'q'}]}</td></tr>
<tr bordercolor="Blue" align="center"><td>post</td><td>988a1af23ff942879d4844f233ba7b23/ief-edge_node/ba23b368-62be-4aa3-ab32-140e844570ca/tags/action</td><td>0.191026926041</td><td>204</td><td>204</td><td>success</td><td>{'action': 'delete', 'tags': [{'value': 'null', 'key': 'q'}]}</td></tr>
<tr bordercolor="Blue" align="center"><td>post</td><td>988a1af23ff942879d4844f233ba7b23/ief-edge_node/ba23b368-62be-4aa3-ab32-140e844570ca/tags/action</td><td>0.193591117859</td><td>204</td><td>204</td><td>success</td><td>{'action': 'create', 'tags': [{'value': '', 'key': 'q'}]}</td></tr>
<tr bordercolor="Blue" align="center"><td>post</td><td>988a1af23ff942879d4844f233ba7b23/ief-edge_node/ba23b368-62be-4aa3-ab32-140e844570ca/tags/action</td><td>0.186672925949</td><td>204</td><td>204</td><td>success</td><td>{'action': 'delete', 'tags': [{'value': '', 'key': 'q'}]}</td></tr>
<tr bordercolor="Blue" align="center"><td>post</td><td>988a1af23ff942879d4844f233ba7b23/ief-edge_node/ba23b368-62be-4aa3-ab32-140e844570ca/tags/action</td><td>0.173650026321</td><td>204</td><td>204</td><td>success</td><td>{'action': 'create', 'tags': [{'value': ' ', 'key': 'q'}]}</td></tr>
<tr bordercolor="Blue" align="center"><td>post</td><td>988a1af23ff942879d4844f233ba7b23/ief-edge_node/ba23b368-62be-4aa3-ab32-140e844570ca/tags/action</td><td>0.307031154633</td><td>204</td><td>204</td><td>success</td><td>{'action': 'delete', 'tags': [{'value': ' ', 'key': 'q'}]}</td></tr>
<tr bordercolor="Blue" align="center"><td>post</td><td>988a1af23ff942879d4844f233ba7b23/ief-edge_node/ba23b368-62be-4aa3-ab32-140e844570ca/tags/action</td><td>0.184002876282</td><td>204</td><td>204</td><td>success</td><td>{'action': 'create', 'tags': [{'value': 'q', 'key': 'q'}]}</td></tr>
<tr bordercolor="Blue" align="center"><td>post</td><td>988a1af23ff942879d4844f233ba7b23/ief-edge_node/ba23b368-62be-4aa3-ab32-140e844570ca/tags/action</td><td>0.186714887619</td><td>204</td><td>204</td><td>success</td><td>{'action': 'delete', 'tags': [{'value': 'q', 'key': 'q'}]}</td></tr>
<tr bordercolor="Blue" align="center"><td>post</td><td>988a1af23ff942879d4844f233ba7b23/ief-edge_node/ba23b368-62be-4aa3-ab32-140e844570ca/tags/action</td><td>0.218389987946</td><td>204</td><td>204</td><td>success</td><td>{'action': 'create', 'tags': [{'value': 'qqqqqqqqqqqqqqqqqqqqqqqqqqqqqqqqqqqqqqqqqqq', 'key': 'q'}]}</td></tr>
<tr bordercolor="Blue" align="center"><td>post</td><td>988a1af23ff942879d4844f233ba7b23/ief-edge_node/ba23b368-62be-4aa3-ab32-140e844570ca/tags/action</td><td>0.623031139374</td><td>204</td><td>204</td><td>success</td><td>{'action': 'delete', 'tags': [{'value': 'qqqqqqqqqqqqqqqqqqqqqqqqqqqqqqqqqqqqqqqqqqq', 'key': 'q'}]}</td></tr>
<tr bordercolor="Blue" align="center"><td>post</td><td>988a1af23ff942879d4844f233ba7b23/ief-edge_node/ba23b368-62be-4aa3-ab32-140e844570ca/tags/action</td><td>0.437770843506</td><td>204</td><td>204</td><td>success</td><td>{'action': 'create', 'tags': [{'value': ' qqqqqqqqqqqqqqqqqqqqqqqqqqqqqqqqqqqqqqqqqqq', 'key': 'q'}]}</td></tr>
<tr bordercolor="Blue" align="center"><td>post</td><td>988a1af23ff942879d4844f233ba7b23/ief-edge_node/ba23b368-62be-4aa3-ab32-140e844570ca/tags/action</td><td>0.231583833694</td><td>204</td><td>204</td><td>success</td><td>{'action': 'delete', 'tags': [{'value': ' qqqqqqqqqqqqqqqqqqqqqqqqqqqqqqqqqqqqqqqqqqq', 'key': 'q'}]}</td></tr>
<tr bordercolor="Blue" align="center"><td>post</td><td>988a1af23ff942879d4844f233ba7b23/ief-edge_node/ba23b368-62be-4aa3-ab32-140e844570ca/tags/action</td><td>0.233201026917</td><td>400</td><td>400</td><td>success</td><td>{'action': 'create', 'tags': [{'value': 'qqqqqqqqqqqqqqqqqqqq qqqqqqqqqqqqqqqqqqqqqqq', 'key': 'q'}]}</td></tr>
<tr bordercolor="Blue" align="center"><td>post</td><td>988a1af23ff942879d4844f233ba7b23/ief-edge_node/ba23b368-62be-4aa3-ab32-140e844570ca/tags/action</td><td>0.380118131638</td><td>400</td><td>400</td><td>success</td><td>{'action': 'create', 'tags': [{'value': 'qqqqqqqqqqqqqqqqqqqqqqqqqqqqqqqqqqqqqqqqqqqq', 'key': 'q'}]}</td></tr>
<tr bordercolor="Blue" align="center"><td>post</td><td>988a1af23ff942879d4844f233ba7b23/ief-edge_node/ba23b368-62be-4aa3-ab32-140e844570ca/tags/action</td><td>0.54280090332</td><td>400</td><td>400</td><td>success</td><td>{'action': 'create', 'tags': [{'key': 'q'}]}</td></tr>
<tr bordercolor="Blue" align="center"><td>post</td><td>988a1af23ff942879d4844f233ba7b23/ief-edge_node/ba23b368-62be-4aa3-ab32-140e844570ca/tags/action</td><td>0.647894144058</td><td>400</td><td>400</td><td>success</td><td>{'action': 'create', 'tags': [{'value': u'AAaa00-99_\u4e2d', 'key': 'q'}]}</td></tr>
<tr bordercolor="Blue" align="center"><td>post</td><td>988a1af23ff942879d4844f233ba7b23/ief-edge_node/ba23b368-62be-4aa3-ab32-140e844570ca/tags/action</td><td>0.806056022644</td><td>400</td><td>400</td><td>success</td><td>{'action': 'create', 'tags': [{'value': 'value*', 'key': 'q'}]}</td></tr>
<tr bordercolor="Blue" align="center"><td>post</td><td>988a1af23ff942879d4844f233ba7b23/ief-edge_node/ba23b368-62be-4aa3-ab32-140e844570ca/tags/action</td><td>0.551966905594</td><td>400</td><td>400</td><td>success</td><td>{'action': 'create', 'tags': [{'value': 'value<', 'key': 'q'}]}</td></tr>
<tr bordercolor="Blue" align="center"><td>post</td><td>988a1af23ff942879d4844f233ba7b23/ief-edge_node/ba23b368-62be-4aa3-ab32-140e844570ca/tags/action</td><td>0.173517942429</td><td>400</td><td>400</td><td>success</td><td>{'action': 'create', 'tags': [{'value': 'value>', 'key': 'q'}]}</td></tr>
<tr bordercolor="Blue" align="center"><td>post</td><td>988a1af23ff942879d4844f233ba7b23/ief-edge_node/ba23b368-62be-4aa3-ab32-140e844570ca/tags/action</td><td>0.180983781815</td><td>400</td><td>400</td><td>success</td><td>{'action': 'create', 'tags': [{'value': 'value\\', 'key': 'q'}]}</td></tr>
<tr bordercolor="Blue" align="center"><td>post</td><td>988a1af23ff942879d4844f233ba7b23/ief-edge_node/ba23b368-62be-4aa3-ab32-140e844570ca/tags/action</td><td>0.186359882355</td><td>400</td><td>400</td><td>success</td><td>{'action': 'create', 'tags': [{'value': 'value=', 'key': 'q'}]}</td></tr>
<tr bordercolor="Blue" align="center"><td>post</td><td>988a1af23ff942879d4844f233ba7b23/ief-edge_node/ba23b368-62be-4aa3-ab32-140e844570ca/tags/action</td><td>0.172914981842</td><td>400</td><td>400</td><td>success</td><td>{'action': 'create', 'tags': [{'value': 'value/', 'key': 'q'}]}</td></tr>
<tr bordercolor="Blue" align="center"><td>post</td><td>988a1af23ff942879d4844f233ba7b23/ief-edge_node/ba23b368-62be-4aa3-ab32-140e844570ca/tags/action</td><td>0.17885017395</td><td>400</td><td>400</td><td>success</td><td>{'action': 'create', 'tags': [{'value': 'value|', 'key': 'q'}]}</td></tr>
<tr bordercolor="Blue" align="center"><td>post</td><td>988a1af23ff942879d4844f233ba7b23/ief-edge_node/ba23b368-62be-4aa3-ab32-140e844570ca/tags/action</td><td>0.423346042633</td><td>400</td><td>400</td><td>success</td><td>{'action': 'create', 'tags': [{'value': 'value,', 'key': 'q'}]}</td></tr>
<tr bordercolor="Blue" align="center"><td>post</td><td>988a1af23ff942879d4844f233ba7b23/ief-edge_node/ba23b368-62be-4aa3-ab32-140e844570ca/tags/action</td><td>0.575849056244</td><td>400</td><td>400</td><td>success</td><td>{'action': 'create', 'tags': [{'value': 'value$', 'key': 'q'}]}</td></tr>
<tr bordercolor="Blue" align="center"><td>post</td><td>988a1af23ff942879d4844f233ba7b23/ief-edge_node/ba23b368-62be-4aa3-ab32-140e844570ca/tags/action</td><td>0.216665029526</td><td>400</td><td>400</td><td>success</td><td>{'action': 'create', 'tags': [{'value': 'value&', 'key': 'q'}]}</td></tr>
<tr bordercolor="Blue" align="center"><td>post</td><td>988a1af23ff942879d4844f233ba7b23/ief-edge_node/ba23b368-62be-4aa3-ab32-140e844570ca/tags/action</td><td>0.1785800457</td><td>400</td><td>400</td><td>success</td><td>{'action': 'create', 'tags': [{'value': 'value%', 'key': 'q'}]}</td></tr>
<tr bordercolor="Blue" align="center"><td>post</td><td>988a1af23ff942879d4844f233ba7b23/ief-edge_node/ba23b368-62be-4aa3-ab32-140e844570ca/tags/action</td><td>0.166598081589</td><td>400</td><td>400</td><td>success</td><td>{'action': 'create', 'tags': []}</td></tr>
<tr bordercolor="Blue" align="center"><td>post</td><td>988a1af23ff942879d4844f233ba7b23/ief-edge_node/ba23b368-62be-4aa3-ab32-140e844570ca/tags/action</td><td>0.161556005478</td><td>400</td><td>400</td><td>success</td><td>{'action': 'create', 'tags': None}</td></tr>
<tr bordercolor="Blue" align="center"><td>post</td><td>988a1af23ff942879d4844f233ba7b23/ief-edge_node/ba23b368-62be-4aa3-ab32-140e844570ca/tags/action</td><td>0.168658018112</td><td>400</td><td>400</td><td>success</td><td>{'action': 'create', 'tags': [None]}</td></tr>
<tr bordercolor="Blue" align="center"><td>post</td><td>988a1af23ff942879d4844f233ba7b23/ief-edge_node/ba23b368-62be-4aa3-ab32-140e844570ca/tags/action</td><td>0.171245098114</td><td>400</td><td>400</td><td>success</td><td>{'action': 'create', 'tags': {}}</td></tr>
<tr bordercolor="Blue" align="center"><td>post</td><td>988a1af23ff942879d4844f233ba7b23/ief-edge_node/ba23b368-62be-4aa3-ab32-140e844570ca/tags/action</td><td>0.159264087677</td><td>400</td><td>400</td><td>success</td><td>{'action': 'CREATE', 'tags': [{'value': 'value', 'key': 'q'}]}</td></tr>
<tr bordercolor="Blue" align="center"><td>post</td><td>988a1af23ff942879d4844f233ba7b23/ief-edge_node/ba23b368-62be-4aa3-ab32-140e844570ca/tags/action</td><td>0.204783916473</td><td>400</td><td>400</td><td>success</td><td>{'action': 'CREATE', 'tags': [{'value': 'value', 'key': 'q'}]}</td></tr>
<tr bordercolor="Blue" align="center"><td>post</td><td>988a1af23ff942879d4844f233ba7b23/ief-edge_node/ba23b368-62be-4aa3-ab32-140e844570ca/tags/action</td><td>0.334230899811</td><td>400</td><td>400</td><td>success</td><td>{'action': 'creatE', 'tags': [{'value': 'value', 'key': 'q'}]}</td></tr>
<tr bordercolor="Blue" align="center"><td>post</td><td>988a1af23ff942879d4844f233ba7b23/ief-edge_node/ba23b368-62be-4aa3-ab32-140e844570ca/tags/action</td><td>0.198407888412</td><td>400</td><td>400</td><td>success</td><td>{'action': 'create', 'tags': [{'value': 'value', 'key': 'q'}, {'value': 'value', 'key': 'q'}]}</td></tr>
<tr bordercolor="Blue" align="center"><td>post</td><td>988a1af23ff942879d4844f233ba7b23/ief-edge_node/ba23b368-62be-4aa3-ab32-140e844570ca/tags/action</td><td>0.168156862259</td><td>400</td><td>400</td><td>success</td><td>{'action': 'create', 'tags': [{'value': 'value', 'key': 'q'}, {'value': 'value1', 'key': 'q'}]}</td></tr>
<tr bordercolor="Blue" align="center"><td>post</td><td>988a1af23ff942879d4844f233ba7b23/ief-edge_node/ba23b368-62be-4aa3-ab32-140e844570ca/tags/action</td><td>0.188741922379</td><td>204</td><td>204</td><td>success</td><td>{'action': 'create', 'tags': [{'value': 'value', 'key': 'q'}, {'value': 'value', 'key': 'q1'}]}</td></tr>
<tr bordercolor="Blue" align="center"><td>post</td><td>988a1af23ff942879d4844f233ba7b23/ief-edge_node/ba23b368-62be-4aa3-ab32-140e844570ca/tags/action</td><td>0.408909082413</td><td>204</td><td>204</td><td>success</td><td>{'action': 'delete', 'tags': [{'value': 'value', 'key': 'q'}, {'value': 'value', 'key': 'q1'}]}</td></tr>
<tr bordercolor="Blue" align="center"><td>post</td><td>988a1af23ff942879d4844f233ba7b23/ief-edge_node/ba23b368-62be-4aa3-ab32-140e844570ca/tags/action</td><td>0.502848863602</td><td>204</td><td>204</td><td>success</td><td>{'action': 'create', 'tags': [{'value': 'value', 'key': 'q'}, {'value': 'value', 'key': 'q1'}]}</td></tr>
<tr bordercolor="Blue" align="center"><td>post</td><td>988a1af23ff942879d4844f233ba7b23/ief-edge_node/ba23b368-62be-4aa3-ab32-140e844570ca/tags/action</td><td>0.625042915344</td><td>204</td><td>204</td><td>success</td><td>{'action': 'create', 'tags': [{'value': 'value', 'key': 'q'}, {'value': 'value', 'key': 'q1'}]}</td></tr>
<tr bordercolor="Blue" align="center"><td>post</td><td>988a1af23ff942879d4844f233ba7b23/ief-edge_node/ba23b368-62be-4aa3-ab32-140e844570ca/tags/action</td><td>0.59223484993</td><td>204</td><td>204</td><td>success</td><td>{'action': 'delete', 'tags': [{'value': 'value', 'key': 'q'}, {'value': 'value', 'key': 'q1'}]}</td></tr>
<tr bordercolor="Blue" align="center"><td>post</td><td>988a1af23ff942879d4844f233ba7b23/ief-edge_node/ba23b368-62be-4aa3-ab32-140e844570ca/tags/action</td><td>1.4129550457</td><td>204</td><td>204</td><td>success</td><td>{'action': 'create', 'tags': [{'value': 'value', 'key': 'q'}]}</td></tr>
<tr bordercolor="Blue" align="center"><td>post</td><td>988a1af23ff942879d4844f233ba7b23/ief-edge_node/ba23b368-62be-4aa3-ab32-140e844570ca/tags/action</td><td>0.178880929947</td><td>204</td><td>204</td><td>success</td><td>{'action': 'create', 'tags': [{'value': 'value_new', 'key': 'q'}]}</td></tr>
<tr bordercolor="Blue" align="center"><td>post</td><td>988a1af23ff942879d4844f233ba7b23/ief-edge_node/ba23b368-62be-4aa3-ab32-140e844570ca/tags/action</td><td>0.205749034882</td><td>204</td><td>204</td><td>success</td><td>{'action': 'delete', 'tags': [{'value': 'value_new', 'key': 'q'}]}</td></tr>
<tr bordercolor="Blue" align="center"><td>post</td><td>988a1af23ff942879d4844f233ba7b23/ief-edge_node/ba23b368-62be-4aa3-ab32-140e844570ca/tags/action</td><td>0.195508003235</td><td>204</td><td>204</td><td>success</td><td>{'action': 'create', 'tags': [{'value': 'value', 'key': 'q'}]}</td></tr>
<tr bordercolor="Blue" align="center"><td>post</td><td>988a1af23ff942879d4844f233ba7b23/ief-edge_node/ba23b368-62be-4aa3-ab32-140e844570ca/tags/action</td><td>0.187792062759</td><td>204</td><td>204</td><td>success</td><td>{'action': 'create', 'tags': [{'value': 'value', 'key': 'q_new'}]}</td></tr>
<tr bordercolor="Blue" align="center"><td>post</td><td>988a1af23ff942879d4844f233ba7b23/ief-edge_node/ba23b368-62be-4aa3-ab32-140e844570ca/tags/action</td><td>0.205267906189</td><td>204</td><td>204</td><td>success</td><td>{'action': 'delete', 'tags': [{'value': 'value', 'key': 'q_new'}, {'value': 'value', 'key': 'q1'}]}</td></tr>
<tr bordercolor="Blue" align="center"><td>post</td><td>988a1af23ff942879d4844f233ba7b23/ief-edge_node/ba23b368-62be-4aa3-ab32-140e844570ca/tags/action</td><td>0.587835073471</td><td>204</td><td>204</td><td>success</td><td>{'action': 'create', 'tags': [{'value': 'qwq_tag_value0', 'key': 'qwq_tag_key0'}, {'value': 'qwq_tag_value1', 'key': 'qwq_tag_key1'}, {'value': 'qwq_tag_value2', 'key': 'qwq_tag_key2'}]}</td></tr>
<tr bordercolor="Blue" align="center"><td>post</td><td>988a1af23ff942879d4844f233ba7b23/ief-edge_node/ba23b368-62be-4aa3-ab32-140e844570ca/tags/action</td><td>0.830127000809</td><td>400</td><td>400</td><td>success</td><td>{'action': 'create', 'tags': [{'value': 'qwq_tag_value3', 'key': 'qwq_tag_key3'}, {'value': 'qwq_tag_value4', 'key': 'qwq_tag_key4'}, {'value': 'qwq_tag_value5', 'key': 'qwq_tag_key5'}, {'value': 'qwq_tag_value6', 'key': 'qwq_tag_key6'}, {'value': 'qwq_tag_value7', 'key': 'qwq_tag_key7'}, {'value': 'qwq_tag_value8', 'key': 'qwq_tag_key8'}, {'value': 'qwq_tag_value9', 'key': 'qwq_tag_key9'}, {'value': 'qwq_tag_value10', 'key': 'qwq_tag_key10'}]}</td></tr>
<tr bordercolor="Blue" align="center"><td>post</td><td>988a1af23ff942879d4844f233ba7b23/ief-edge_node/ba23b368-62be-4aa3-ab32-140e844570ca/tags/action</td><td>0.849878072739</td><td>204</td><td>204</td><td>success</td><td>{'action': 'delete', 'tags': [{'value': 'qwq_tag_value0', 'key': 'qwq_tag_key0'}, {'value': 'qwq_tag_value1', 'key': 'qwq_tag_key1'}, {'value': 'qwq_tag_value2', 'key': 'qwq_tag_key2'}]}</td></tr>
<tr bordercolor="Blue" align="center"><td>get</td><td>988a1af23ff942879d4844f233ba7b23/ief-edge_node/ba23b368-62be-4aa3-ab32-140e844570ca/tags</td><td>0.682471990585</td><td>200</td><td>200</td><td>success</td><td>None</td></tr>
<tr bordercolor="Blue" align="center"><td>post</td><td>988a1af23ff942879d4844f233ba7b23/ief-edge_node/ba23b368-62be-4aa3-ab32-140e844570ca/tags/action</td><td>0.534176111221</td><td>204</td><td>204</td><td>success</td><td>{'action': 'delete', 'tags': [{u'key': u'q', u'value': u'value'}]}</td></tr>
<tr bordercolor="Blue" align="center"><td>post</td><td>988a1af23ff942879d4844f233ba7b23/ief-edge_node/ba23b368-62be-4aa3-ab32-140e844570ca/tags/action</td><td>0.375643968582</td><td>204</td><td>204</td><td>success</td><td>{'action': 'delete', 'tags': [{u'key': u'qqqqqqqqqqqqqqqqqqqqqqqqqqqqqqqqqqqq', u'value': u'value0'}]}</td></tr>
<tr bordercolor="Blue" align="center"><td>post</td><td>988a1af23ff942879d4844f233ba7b23/ief-edge_node/ba23b368-62be-4aa3-ab32-140e844570ca/tags/action</td><td>0.867949962616</td><td>204</td><td>204</td><td>success</td><td>{'action': 'create', 'tags': [{'value': 'qwq_tag_value0', 'key': 'qwq_tag_key0'}, {'value': 'qwq_tag_value1', 'key': 'qwq_tag_key1'}, {'value': 'qwq_tag_value2', 'key': 'qwq_tag_key2'}]}</td></tr>
<tr bordercolor="Blue" align="center"><td>post</td><td>988a1af23ff942879d4844f233ba7b23/ief-edge_node/ba23b368-62be-4aa3-ab32-140e844570ca/tags/action</td><td>0.378696203232</td><td>204</td><td>204</td><td>success</td><td>{'action': 'create', 'tags': [{'value': 'qwq_tag_value2', 'key': 'qwq_tag_key2'}, {'value': 'qwq_tag_value3', 'key': 'qwq_tag_key3'}, {'value': 'qwq_tag_value4', 'key': 'qwq_tag_key4'}, {'value': 'qwq_tag_value5', 'key': 'qwq_tag_key5'}, {'value': 'qwq_tag_value6', 'key': 'qwq_tag_key6'}, {'value': 'qwq_tag_value7', 'key': 'qwq_tag_key7'}, {'value': 'qwq_tag_value8', 'key': 'qwq_tag_key8'}, {'value': 'qwq_tag_value9', 'key': 'qwq_tag_key9'}]}</td></tr>
<tr bordercolor="Blue" align="center"><td>post</td><td>988a1af23ff942879d4844f233ba7b23/ief-edge_node/ba23b368-62be-4aa3-ab32-140e844570ca/tags/action</td><td>1.61963796616</td><td>204</td><td>204</td><td>success</td><td>{'action': 'delete', 'tags': [{'value': 'qwq_tag_value0', 'key': 'qwq_tag_key0'}, {'value': 'qwq_tag_value1', 'key': 'qwq_tag_key1'}, {'value': 'qwq_tag_value2', 'key': 'qwq_tag_key2'}, {'value': 'qwq_tag_value3', 'key': 'qwq_tag_key3'}, {'value': 'qwq_tag_value4', 'key': 'qwq_tag_key4'}, {'value': 'qwq_tag_value5', 'key': 'qwq_tag_key5'}, {'value': 'qwq_tag_value6', 'key': 'qwq_tag_key6'}, {'value': 'qwq_tag_value7', 'key': 'qwq_tag_key7'}, {'value': 'qwq_tag_value8', 'key': 'qwq_tag_key8'}, {'value': 'qwq_tag_value9', 'key': 'qwq_tag_key9'}]}</td></tr>
<tr bordercolor="Blue" align="center"><td>post</td><td>988a1af23ff942879d4844f233ba7b23/ief-edge_node/ba23b368-62be-4aa3-ab32-140e844570ca/tags/action</td><td>0.192479133606</td><td>400</td><td>400</td><td>success</td><td>{'action': 'delete', 'tags': [{'value': 'value'}]}</td></tr>
<tr bordercolor="Blue" align="center"><td>post</td><td>988a1af23ff942879d4844f233ba7b23/ief-edge_node/ba23b368-62be-4aa3-ab32-140e844570ca/tags/action</td><td>0.170036077499</td><td>400</td><td>400</td><td>success</td><td>{'action': 'delete', 'tags': [{'value': 'value_new', 'key': None}]}</td></tr>
<tr bordercolor="Blue" align="center"><td>post</td><td>988a1af23ff942879d4844f233ba7b23/ief-edge_node/ba23b368-62be-4aa3-ab32-140e844570ca/tags/action</td><td>1.03961205482</td><td>204</td><td>204</td><td>success</td><td>{'action': 'delete', 'tags': [{'value': 'value_new', 'key': 'null'}]}</td></tr>
<tr bordercolor="Blue" align="center"><td>post</td><td>988a1af23ff942879d4844f233ba7b23/ief-edge_node/ba23b368-62be-4aa3-ab32-140e844570ca/tags/action</td><td>0.240583896637</td><td>400</td><td>400</td><td>success</td><td>{'action': 'delete', 'tags': [{'value': 'value_new'}]}</td></tr>
<tr bordercolor="Blue" align="center"><td>post</td><td>988a1af23ff942879d4844f233ba7b23/ief-edge_node/ba23b368-62be-4aa3-ab32-140e844570ca/tags/action</td><td>0.296772003174</td><td>400</td><td>400</td><td>success</td><td>{'action': 'delete', 'tags': [{'value': 'value_new', 'key': ' '}]}</td></tr>
<tr bordercolor="Blue" align="center"><td>post</td><td>988a1af23ff942879d4844f233ba7b23/ief-edge_node/ba23b368-62be-4aa3-ab32-140e844570ca/tags/action</td><td>0.203423976898</td><td>204</td><td>204</td><td>success</td><td>{'action': 'delete', 'tags': [{'value': 'value_new', 'key': 'qqqqqqqqqqqqqqqqqqqqqqqqqqqqqqqqqqqqq'}]}</td></tr>
<tr bordercolor="Blue" align="center"><td>post</td><td>988a1af23ff942879d4844f233ba7b23/ief-edge_node/ba23b368-62be-4aa3-ab32-140e844570ca/tags/action</td><td>0.168611049652</td><td>204</td><td>204</td><td>success</td><td>{'action': 'delete', 'tags': [{'value': 'value_new', 'key': 'qqqqqqqqqqqqqqqqqqqqqqqqqqqqqqqqqqqqqqqqqqqqqqqqqqqqqqqqqqqqqqqqqqqqqqqqqqqqqqqqqqqqqqqqqqqqqqqqqqqqqqqqqqqqqqqqqqqqqqqqqqqqqqq'}]}</td></tr>
<tr bordercolor="Blue" align="center"><td>post</td><td>988a1af23ff942879d4844f233ba7b23/ief-edge_node/ba23b368-62be-4aa3-ab32-140e844570ca/tags/action</td><td>0.309772014618</td><td>204</td><td>204</td><td>success</td><td>{'action': 'delete', 'tags': [{'value': 'value_new', 'key': ' qqqqqqqqqqqqqqqqqqqqqqqqqqqqqqqqqqqqqqqqqqqqqqqqqqqqqqqqqqqqqqqqqqqqqqqqqqqqqqqqqqqqqqqqqqqqqqqqqqqqqqqqqqqqqqqqqqqqqqqqqqqqqqq'}]}</td></tr>
<tr bordercolor="Blue" align="center"><td>post</td><td>988a1af23ff942879d4844f233ba7b23/ief-edge_node/ba23b368-62be-4aa3-ab32-140e844570ca/tags/action</td><td>0.173574209213</td><td>204</td><td>204</td><td>success</td><td>{'action': 'delete', 'tags': [{'value': 'value_new', 'key': 'qqqqqqqqqqqqqqqqqqqqqqqqqqqqqqqqqqqqqqqqqqqqqqqqqqqqqqqqqqqqqqqqqqqqqqqqqqqqqqqqqqqqqqqqqqqqqqqqqqqqqqqqqqqqqqqqqqqqqqqqqqqqqqqq'}]}</td></tr>
<tr bordercolor="Blue" align="center"><td>post</td><td>988a1af23ff942879d4844f233ba7b23/ief-edge_node/ba23b368-62be-4aa3-ab32-140e844570ca/tags/action</td><td>0.666583061218</td><td>204</td><td>204</td><td>success</td><td>{'action': 'delete', 'tags': [{'value': 'value_new', 'key': '*'}]}</td></tr>
<tr bordercolor="Blue" align="center"><td>post</td><td>988a1af23ff942879d4844f233ba7b23/ief-edge_node/ba23b368-62be-4aa3-ab32-140e844570ca/tags/action</td><td>0.317404985428</td><td>204</td><td>204</td><td>success</td><td>{'action': 'delete', 'tags': [{'value': 'value_new', 'key': '<'}]}</td></tr>
<tr bordercolor="Blue" align="center"><td>post</td><td>988a1af23ff942879d4844f233ba7b23/ief-edge_node/ba23b368-62be-4aa3-ab32-140e844570ca/tags/action</td><td>0.182764053345</td><td>204</td><td>204</td><td>success</td><td>{'action': 'delete', 'tags': [{'value': 'value_new', 'key': '>'}]}</td></tr>
<tr bordercolor="Blue" align="center"><td>post</td><td>988a1af23ff942879d4844f233ba7b23/ief-edge_node/ba23b368-62be-4aa3-ab32-140e844570ca/tags/action</td><td>0.43049621582</td><td>204</td><td>204</td><td>success</td><td>{'action': 'delete', 'tags': [{'value': 'value_new', 'key': '\\'}]}</td></tr>
<tr bordercolor="Blue" align="center"><td>post</td><td>988a1af23ff942879d4844f233ba7b23/ief-edge_node/ba23b368-62be-4aa3-ab32-140e844570ca/tags/action</td><td>0.599160909653</td><td>204</td><td>204</td><td>success</td><td>{'action': 'delete', 'tags': [{'value': 'value_new', 'key': '='}]}</td></tr>
<tr bordercolor="Blue" align="center"><td>post</td><td>988a1af23ff942879d4844f233ba7b23/ief-edge_node/ba23b368-62be-4aa3-ab32-140e844570ca/tags/action</td><td>0.169965028763</td><td>204</td><td>204</td><td>success</td><td>{'action': 'delete', 'tags': [{'value': 'value_new', 'key': '/'}]}</td></tr>
<tr bordercolor="Blue" align="center"><td>post</td><td>988a1af23ff942879d4844f233ba7b23/ief-edge_node/ba23b368-62be-4aa3-ab32-140e844570ca/tags/action</td><td>0.91010093689</td><td>204</td><td>204</td><td>success</td><td>{'action': 'delete', 'tags': [{'value': 'value_new', 'key': '|'}]}</td></tr>
<tr bordercolor="Blue" align="center"><td>post</td><td>988a1af23ff942879d4844f233ba7b23/ief-edge_node/ba23b368-62be-4aa3-ab32-140e844570ca/tags/action</td><td>0.430578947067</td><td>204</td><td>204</td><td>success</td><td>{'action': 'delete', 'tags': [{'value': 'value_new', 'key': ','}]}</td></tr>
<tr bordercolor="Blue" align="center"><td>post</td><td>988a1af23ff942879d4844f233ba7b23/ief-edge_node/ba23b368-62be-4aa3-ab32-140e844570ca/tags/action</td><td>0.440119028091</td><td>204</td><td>204</td><td>success</td><td>{'action': 'delete', 'tags': [{'value': None, 'key': 'q'}]}</td></tr>
<tr bordercolor="Blue" align="center"><td>post</td><td>988a1af23ff942879d4844f233ba7b23/ief-edge_node/ba23b368-62be-4aa3-ab32-140e844570ca/tags/action</td><td>0.99672293663</td><td>204</td><td>204</td><td>success</td><td>{'action': 'delete', 'tags': [{'value': 'null', 'key': 'q'}]}</td></tr>
<tr bordercolor="Blue" align="center"><td>post</td><td>988a1af23ff942879d4844f233ba7b23/ief-edge_node/ba23b368-62be-4aa3-ab32-140e844570ca/tags/action</td><td>0.18944811821</td><td>204</td><td>204</td><td>success</td><td>{'action': 'delete', 'tags': [{'value': '', 'key': 'q'}]}</td></tr>
<tr bordercolor="Blue" align="center"><td>post</td><td>988a1af23ff942879d4844f233ba7b23/ief-edge_node/ba23b368-62be-4aa3-ab32-140e844570ca/tags/action</td><td>0.186939954758</td><td>204</td><td>204</td><td>success</td><td>{'action': 'delete', 'tags': [{'value': ' ', 'key': 'q'}]}</td></tr>
<tr bordercolor="Blue" align="center"><td>post</td><td>988a1af23ff942879d4844f233ba7b23/ief-edge_node/ba23b368-62be-4aa3-ab32-140e844570ca/tags/action</td><td>1.01827502251</td><td>204</td><td>204</td><td>success</td><td>{'action': 'delete', 'tags': [{'value': 'q', 'key': 'q'}]}</td></tr>
<tr bordercolor="Blue" align="center"><td>post</td><td>988a1af23ff942879d4844f233ba7b23/ief-edge_node/ba23b368-62be-4aa3-ab32-140e844570ca/tags/action</td><td>1.14163684845</td><td>204</td><td>204</td><td>success</td><td>{'action': 'delete', 'tags': [{'value': 'qqqqqqqqqqqqqqqqqqqqqqqqqqqqqqqqqqqqqqqqqqq', 'key': 'q'}]}</td></tr>
<tr bordercolor="Blue" align="center"><td>post</td><td>988a1af23ff942879d4844f233ba7b23/ief-edge_node/ba23b368-62be-4aa3-ab32-140e844570ca/tags/action</td><td>0.353244066238</td><td>204</td><td>204</td><td>success</td><td>{'action': 'delete', 'tags': [{'value': 'qqqqqqqqqqqqqqqqqqqqqqqqqqqqqqqqqqqqqqqqqqqq', 'key': 'q'}]}</td></tr>
<tr bordercolor="Blue" align="center"><td>post</td><td>988a1af23ff942879d4844f233ba7b23/ief-edge_node/ba23b368-62be-4aa3-ab32-140e844570ca/tags/action</td><td>0.217948913574</td><td>204</td><td>204</td><td>success</td><td>{'action': 'delete', 'tags': [{'value': 'qqqqqqqqqqqqqqqqqqqqqqqqqqqqqqqqqqqqqqqqqqqqqqqqqqqqqqqqqqqqqqqqqqqqqqqqqqqqqqqqqqqqqqqqqqqqqqqqqqqqqqqqqqqqqqqqqqqqqqqqqqqqqqqqqqqqqqqqqqqqqqqqqqqqqqqqqqqqqqqqqqqqqqqqqqqqqqqqqqqqqqqqqqqqqqqqqqqqqqqqqqqqqqqqqqqqqqqqqqqqqqqqqqqqqqqqqqqqqqqqqqqqqqqqqqqqqqq', 'key': 'q'}]}</td></tr>
<tr bordercolor="Blue" align="center"><td>post</td><td>988a1af23ff942879d4844f233ba7b23/ief-edge_node/ba23b368-62be-4aa3-ab32-140e844570ca/tags/action</td><td>0.177974939346</td><td>204</td><td>204</td><td>success</td><td>{'action': 'delete', 'tags': [{'value': ' qqqqqqqqqqqqqqqqqqqqqqqqqqqqqqqqqqqqqqqqqqqqqqqqqqqqqqqqqqqqqqqqqqqqqqqqqqqqqqqqqqqqqqqqqqqqqqqqqqqqqqqqqqqqqqqqqqqqqqqqqqqqqqqqqqqqqqqqqqqqqqqqqqqqqqqqqqqqqqqqqqqqqqqqqqqqqqqqqqqqqqqqqqqqqqqqqqqqqqqqqqqqqqqqqqqqqqqqqqqqqqqqqqqqqqqqqqqqqqqqqqqqqqqqqqqqqqqq', 'key': 'q'}]}</td></tr>
<tr bordercolor="Blue" align="center"><td>post</td><td>988a1af23ff942879d4844f233ba7b23/ief-edge_node/ba23b368-62be-4aa3-ab32-140e844570ca/tags/action</td><td>0.209928035736</td><td>204</td><td>204</td><td>success</td><td>{'action': 'delete', 'tags': [{'value': 'qqqqqqqqqqqqqqqqqqqqqqqqqqqqqqqqqqqqqqqqqqqqqqqqqqqqqqqqqqqqqqqqqqqqqqqqqqqqqqqqqqqqqqqqqqqqqqqqqqqqqqqqqqqqqqqqqqqqqqqqqqqqqqqqqqqqqqqqqqqqqqqqqqqqqqqqqqqqqqqqqqqqqqqqqqqqqqqqqqqqqqqqqqqqqqqqqqqqqqqqqqqqqqqqqqqqqqqqqqqqqqqqqqqqqqqqqqqqqqqqqqqqqqqqqqqqqqqq', 'key': 'q'}]}</td></tr>
<tr bordercolor="Blue" align="center"><td>post</td><td>988a1af23ff942879d4844f233ba7b23/ief-edge_node/ba23b368-62be-4aa3-ab32-140e844570ca/tags/action</td><td>0.380395174026</td><td>204</td><td>204</td><td>success</td><td>{'action': 'delete', 'tags': [{'key': 'q'}]}</td></tr>
<tr bordercolor="Blue" align="center"><td>post</td><td>988a1af23ff942879d4844f233ba7b23/ief-edge_node/ba23b368-62be-4aa3-ab32-140e844570ca/tags/action</td><td>0.184251070023</td><td>204</td><td>204</td><td>success</td><td>{'action': 'delete', 'tags': [{'value': '*', 'key': 'q'}]}</td></tr>
<tr bordercolor="Blue" align="center"><td>post</td><td>988a1af23ff942879d4844f233ba7b23/ief-edge_node/ba23b368-62be-4aa3-ab32-140e844570ca/tags/action</td><td>0.173160076141</td><td>204</td><td>204</td><td>success</td><td>{'action': 'delete', 'tags': [{'value': '<', 'key': 'q'}]}</td></tr>
<tr bordercolor="Blue" align="center"><td>post</td><td>988a1af23ff942879d4844f233ba7b23/ief-edge_node/ba23b368-62be-4aa3-ab32-140e844570ca/tags/action</td><td>0.182563066483</td><td>204</td><td>204</td><td>success</td><td>{'action': 'delete', 'tags': [{'value': '>', 'key': 'q'}]}</td></tr>
<tr bordercolor="Blue" align="center"><td>post</td><td>988a1af23ff942879d4844f233ba7b23/ief-edge_node/ba23b368-62be-4aa3-ab32-140e844570ca/tags/action</td><td>0.164907932281</td><td>204</td><td>204</td><td>success</td><td>{'action': 'delete', 'tags': [{'value': '\\', 'key': 'q'}]}</td></tr>
<tr bordercolor="Blue" align="center"><td>post</td><td>988a1af23ff942879d4844f233ba7b23/ief-edge_node/ba23b368-62be-4aa3-ab32-140e844570ca/tags/action</td><td>0.186043977737</td><td>204</td><td>204</td><td>success</td><td>{'action': 'delete', 'tags': [{'value': '=', 'key': 'q'}]}</td></tr>
<tr bordercolor="Blue" align="center"><td>post</td><td>988a1af23ff942879d4844f233ba7b23/ief-edge_node/ba23b368-62be-4aa3-ab32-140e844570ca/tags/action</td><td>0.168805122375</td><td>204</td><td>204</td><td>success</td><td>{'action': 'delete', 'tags': [{'value': '/', 'key': 'q'}]}</td></tr>
<tr bordercolor="Blue" align="center"><td>post</td><td>988a1af23ff942879d4844f233ba7b23/ief-edge_node/ba23b368-62be-4aa3-ab32-140e844570ca/tags/action</td><td>0.623039007187</td><td>204</td><td>204</td><td>success</td><td>{'action': 'delete', 'tags': [{'value': '|', 'key': 'q'}]}</td></tr>
<tr bordercolor="Blue" align="center"><td>post</td><td>988a1af23ff942879d4844f233ba7b23/ief-edge_node/ba23b368-62be-4aa3-ab32-140e844570ca/tags/action</td><td>0.473503112793</td><td>204</td><td>204</td><td>success</td><td>{'action': 'delete', 'tags': [{'value': ',', 'key': 'q'}]}</td></tr>
<tr bordercolor="Blue" align="center"><td>post</td><td>988a1af23ff942879d4844f233ba7b23/ief-edge_node/ba23b368-62be-4aa3-ab32-140e844570ca/tags/action</td><td>0.159529924393</td><td>204</td><td>204</td><td>success</td><td>{'action': 'delete', 'tags': [{'value': '%', 'key': 'q'}]}</td></tr>
<tr bordercolor="Blue" align="center"><td>post</td><td>988a1af23ff942879d4844f233ba7b23/ief-edge_node/ba23b368-62be-4aa3-ab32-140e844570ca/tags/action</td><td>0.174424171448</td><td>400</td><td>400</td><td>success</td><td>{'action': 'delete', 'tags': []}</td></tr>
<tr bordercolor="Blue" align="center"><td>post</td><td>988a1af23ff942879d4844f233ba7b23/ief-edge_node/ba23b368-62be-4aa3-ab32-140e844570ca/tags/action</td><td>0.160870075226</td><td>400</td><td>400</td><td>success</td><td>{'action': 'delete', 'tags': None}</td></tr>
<tr bordercolor="Blue" align="center"><td>post</td><td>988a1af23ff942879d4844f233ba7b23/ief-edge_node/ba23b368-62be-4aa3-ab32-140e844570ca/tags/action</td><td>0.188388824463</td><td>400</td><td>400</td><td>success</td><td>{'action': 'delete', 'tags': {}}</td></tr>
<tr bordercolor="Blue" align="center"><td>post</td><td>988a1af23ff942879d4844f233ba7b23/ief-edge_node/ba23b368-62be-4aa3-ab32-140e844570ca/tags/action</td><td>0.159630060196</td><td>400</td><td>400</td><td>success</td><td>{'action': 'Delete', 'tags': [{'key': 'q'}]}</td></tr>
<tr bordercolor="Blue" align="center"><td>post</td><td>988a1af23ff942879d4844f233ba7b23/ief-edge_node/ba23b368-62be-4aa3-ab32-140e844570ca/tags/action</td><td>0.164062023163</td><td>400</td><td>400</td><td>success</td><td>{'action': 'DELETE', 'tags': [{'key': 'q'}]}</td></tr>
<tr bordercolor="Blue" align="center"><td>post</td><td>988a1af23ff942879d4844f233ba7b23/ief-edge_node/ba23b368-62be-4aa3-ab32-140e844570ca/tags/action</td><td>0.477712869644</td><td>400</td><td>400</td><td>success</td><td>{'action': 'delEte', 'tags': [{'key': 'q'}]}</td></tr>
<tr bordercolor="Blue" align="center"><td>post</td><td>988a1af23ff942879d4844f233ba7b23/ief-device/ba23b368-62be-4aa3-ab32-140e844570ca/tags/action</td><td>0.154480934143</td><td>404</td><td>404</td><td>success</td><td>{'action': 'delete', 'tags': [{'key': 'q'}]}</td></tr>
<tr bordercolor="Blue" align="center"><td>get</td><td>988a1af23ff942879d4844f233ba7b23/ief-edge_node/ba23b368-62be-4aa3-ab32-140e844570ca/tags</td><td>0.215326070786</td><td>200</td><td>200</td><td>success</td><td>None</td></tr>
<tr bordercolor="Blue" align="center"><td>post</td><td>988a1af23ff942879d4844f233ba7b23/ief-edge_node/ba23b368-62be-4aa3-ab32-140e844570ca/tags/action</td><td>0.208175897598</td><td>204</td><td>204</td><td>success</td><td>{'action': 'create', 'tags': [{'value': 'qwq_tag_value0', 'key': 'qwq_tag_key0'}, {'value': 'qwq_tag_value1', 'key': 'qwq_tag_key1'}, {'value': 'qwq_tag_value2', 'key': 'qwq_tag_key2'}]}</td></tr>
<tr bordercolor="Blue" align="center"><td>post</td><td>988a1af23ff942879d4844f233ba7b23/ief-edge_node/ba23b368-62be-4aa3-ab32-140e844570ca/tags/action</td><td>0.996895074844</td><td>204</td><td>204</td><td>success</td><td>{'action': 'create', 'tags': [{'value': 'qwq_tag_value2', 'key': 'qwq_tag_key2'}, {'value': 'qwq_tag_value3', 'key': 'qwq_tag_key3'}, {'value': 'qwq_tag_value4', 'key': 'qwq_tag_key4'}, {'value': 'qwq_tag_value5', 'key': 'qwq_tag_key5'}, {'value': 'qwq_tag_value6', 'key': 'qwq_tag_key6'}, {'value': 'qwq_tag_value7', 'key': 'qwq_tag_key7'}, {'value': 'qwq_tag_value8', 'key': 'qwq_tag_key8'}, {'value': 'qwq_tag_value9', 'key': 'qwq_tag_key9'}]}</td></tr>
<tr bordercolor="Blue" align="center"><td>post</td><td>988a1af23ff942879d4844f233ba7b23/ief-edge_node/ba23b368-62be-4aa3-ab32-140e844570ca/tags/action</td><td>0.371916055679</td><td>204</td><td>204</td><td>success</td><td>{'action': 'delete', 'tags': [{'value': 'qwq_tag_value0', 'key': 'qwq_tag_key0'}, {'value': 'qwq_tag_value1', 'key': 'qwq_tag_key1'}, {'value': 'qwq_tag_value2', 'key': 'qwq_tag_key2'}, {'value': 'qwq_tag_value3', 'key': 'qwq_tag_key3'}, {'value': 'qwq_tag_value4', 'key': 'qwq_tag_key4'}, {'value': 'qwq_tag_value5', 'key': 'qwq_tag_key5'}, {'value': 'qwq_tag_value6', 'key': 'qwq_tag_key6'}, {'value': 'qwq_tag_value7', 'key': 'qwq_tag_key7'}, {'value': 'qwq_tag_value8', 'key': 'qwq_tag_key8'}, {'value': 'qwq_tag_value9', 'key': 'qwq_tag_key9'}]}</td></tr>
